Command line invocation:
    /Applications/Xcode.app/Contents/Developer/usr/bin/xcodebuild -scheme Kage -project Kage.xcodeproj -destination "platform=iOS Simulator,name=iPhone 17" build

Resolve Package Graph


Resolved source packages:
  Firebase: https://github.com/firebase/firebase-ios-sdk @ 12.6.0
  leveldb: https://github.com/firebase/leveldb.git @ 1.22.5
  GTMSessionFetcher: https://github.com/google/gtm-session-fetcher.git @ 5.0.0
  GoogleAdsOnDeviceConversion: https://github.com/googleads/google-ads-on-device-conversion-ios-sdk @ 3.2.0
  RevenueCat: https://github.com/RevenueCat/purchases-ios @ 5.47.0
  GoogleUtilities: https://github.com/google/GoogleUtilities.git @ 8.1.0
  SwiftProtobuf: https://github.com/apple/swift-protobuf.git @ 1.33.3
  GoogleMobileAds: https://github.com/googleads/swift-package-manager-google-mobile-ads @ 12.13.0
  gRPC: https://github.com/google/grpc-binary.git @ 1.69.1
  GoogleDataTransport: https://github.com/google/GoogleDataTransport.git @ 10.1.0
  GoogleUserMessagingPlatform: https://github.com/googleads/swift-package-manager-google-user-messaging-platform.git @ 3.1.0
  InteropForGoogle: https://github.com/google/interop-ios-for-google-sdks.git @ 101.0.0
  GoogleAppMeasurement: https://github.com/google/GoogleAppMeasurement.git @ 12.5.0
  Promises: https://github.com/google/promises.git @ 2.4.0
  AppCheck: https://github.com/google/app-check.git @ 11.2.0
  abseil: https://github.com/google/abseil-cpp-binary.git @ 1.2024072200.0
  nanopb: https://github.com/firebase/nanopb.git @ 2.30910.0

ComputePackagePrebuildTargetDependencyGraph

Prepare packages

CreateBuildRequest

SendProjectDescription

CreateBuildOperation

ComputeTargetDependencyGraph
note: Building targets in dependency order
note: Target dependency graph (58 targets)
    Target 'Kage' in project 'Kage'
        ➜ Explicit dependency on target 'GoogleMobileAds' in project 'GoogleMobileAds'
        ➜ Explicit dependency on target 'RevenueCat' in project 'RevenueCat'
        ➜ Explicit dependency on target 'ReceiptParser' in project 'RevenueCat'
        ➜ Explicit dependency on target 'FirebaseAnalytics' in project 'Firebase'
        ➜ Explicit dependency on target 'FirebaseCore' in project 'Firebase'
        ➜ Explicit dependency on target 'RevenueCatUI' in project 'RevenueCat'
    Target 'RevenueCatUI' in project 'RevenueCat'
        ➜ Explicit dependency on target 'RevenueCatUI' in project 'RevenueCat'
        ➜ Explicit dependency on target 'RevenueCat_RevenueCatUI' in project 'RevenueCat'
        ➜ Explicit dependency on target 'RevenueCat' in project 'RevenueCat'
    Target 'RevenueCatUI' in project 'RevenueCat'
        ➜ Explicit dependency on target 'RevenueCat_RevenueCatUI' in project 'RevenueCat'
        ➜ Explicit dependency on target 'RevenueCat' in project 'RevenueCat'
    Target 'RevenueCat_RevenueCatUI' in project 'RevenueCat' (no dependencies)
    Target 'FirebaseCore' in project 'Firebase'
        ➜ Explicit dependency on target 'FirebaseCore' in project 'Firebase'
        ➜ Explicit dependency on target 'Firebase_FirebaseCore' in project 'Firebase'
        ➜ Explicit dependency on target 'Firebase' in project 'Firebase'
        ➜ Explicit dependency on target 'FirebaseCoreInternal' in project 'Firebase'
        ➜ Explicit dependency on target 'GULNSData' in project 'GoogleUtilities'
        ➜ Explicit dependency on target 'GULEnvironment' in project 'GoogleUtilities'
        ➜ Explicit dependency on target 'GULLogger' in project 'GoogleUtilities'
    Target 'FirebaseAnalytics' in project 'Firebase'
        ➜ Explicit dependency on target 'FirebaseAnalyticsTarget' in project 'Firebase'
        ➜ Explicit dependency on target 'Firebase' in project 'Firebase'
        ➜ Explicit dependency on target 'FirebaseCoreInternal' in project 'Firebase'
        ➜ Explicit dependency on target 'FirebaseCore' in project 'Firebase'
        ➜ Explicit dependency on target 'FirebaseInstallations' in project 'Firebase'
        ➜ Explicit dependency on target 'FirebaseAnalyticsWrapper' in project 'Firebase'
        ➜ Explicit dependency on target 'GULNSData' in project 'GoogleUtilities'
        ➜ Explicit dependency on target 'GULEnvironment' in project 'GoogleUtilities'
        ➜ Explicit dependency on target 'GULLogger' in project 'GoogleUtilities'
        ➜ Explicit dependency on target 'FBLPromises' in project 'Promises'
        ➜ Explicit dependency on target 'GULUserDefaults' in project 'GoogleUtilities'
        ➜ Explicit dependency on target 'GoogleAppMeasurement' in project 'GoogleAppMeasurement'
        ➜ Explicit dependency on target 'GULAppDelegateSwizzler' in project 'GoogleUtilities'
        ➜ Explicit dependency on target 'GULMethodSwizzler' in project 'GoogleUtilities'
        ➜ Explicit dependency on target 'GULNetwork' in project 'GoogleUtilities'
        ➜ Explicit dependency on target 'nanopb' in project 'nanopb'
    Target 'FirebaseAnalyticsTarget' in project 'Firebase'
        ➜ Explicit dependency on target 'Firebase' in project 'Firebase'
        ➜ Explicit dependency on target 'FirebaseCoreInternal' in project 'Firebase'
        ➜ Explicit dependency on target 'FirebaseCore' in project 'Firebase'
        ➜ Explicit dependency on target 'FirebaseInstallations' in project 'Firebase'
        ➜ Explicit dependency on target 'FirebaseAnalyticsWrapper' in project 'Firebase'
        ➜ Explicit dependency on target 'GULNSData' in project 'GoogleUtilities'
        ➜ Explicit dependency on target 'GULEnvironment' in project 'GoogleUtilities'
        ➜ Explicit dependency on target 'GULLogger' in project 'GoogleUtilities'
        ➜ Explicit dependency on target 'FBLPromises' in project 'Promises'
        ➜ Explicit dependency on target 'GULUserDefaults' in project 'GoogleUtilities'
        ➜ Explicit dependency on target 'GoogleAppMeasurement' in project 'GoogleAppMeasurement'
        ➜ Explicit dependency on target 'GULAppDelegateSwizzler' in project 'GoogleUtilities'
        ➜ Explicit dependency on target 'GULMethodSwizzler' in project 'GoogleUtilities'
        ➜ Explicit dependency on target 'GULNetwork' in project 'GoogleUtilities'
        ➜ Explicit dependency on target 'nanopb' in project 'nanopb'
    Target 'FirebaseAnalyticsWrapper' in project 'Firebase'
        ➜ Explicit dependency on target 'Firebase' in project 'Firebase'
        ➜ Explicit dependency on target 'FirebaseCoreInternal' in project 'Firebase'
        ➜ Explicit dependency on target 'FirebaseCore' in project 'Firebase'
        ➜ Explicit dependency on target 'FirebaseInstallations' in project 'Firebase'
        ➜ Explicit dependency on target 'GULNSData' in project 'GoogleUtilities'
        ➜ Explicit dependency on target 'GULEnvironment' in project 'GoogleUtilities'
        ➜ Explicit dependency on target 'GULLogger' in project 'GoogleUtilities'
        ➜ Explicit dependency on target 'FBLPromises' in project 'Promises'
        ➜ Explicit dependency on target 'GULUserDefaults' in project 'GoogleUtilities'
        ➜ Explicit dependency on target 'GoogleAppMeasurement' in project 'GoogleAppMeasurement'
        ➜ Explicit dependency on target 'GULAppDelegateSwizzler' in project 'GoogleUtilities'
        ➜ Explicit dependency on target 'GULMethodSwizzler' in project 'GoogleUtilities'
        ➜ Explicit dependency on target 'GULNetwork' in project 'GoogleUtilities'
        ➜ Explicit dependency on target 'nanopb' in project 'nanopb'
    Target 'GoogleAppMeasurement' in project 'GoogleAppMeasurement'
        ➜ Explicit dependency on target 'GoogleAppMeasurementTarget' in project 'GoogleAppMeasurement'
        ➜ Explicit dependency on target 'GULAppDelegateSwizzler' in project 'GoogleUtilities'
        ➜ Explicit dependency on target 'GULMethodSwizzler' in project 'GoogleUtilities'
        ➜ Explicit dependency on target 'GULNSData' in project 'GoogleUtilities'
        ➜ Explicit dependency on target 'GULNetwork' in project 'GoogleUtilities'
        ➜ Explicit dependency on target 'GULLogger' in project 'GoogleUtilities'
        ➜ Explicit dependency on target 'GULEnvironment' in project 'GoogleUtilities'
        ➜ Explicit dependency on target 'nanopb' in project 'nanopb'
        ➜ Explicit dependency on target 'GoogleAdsOnDeviceConversion' in project 'GoogleAdsOnDeviceConversion'
    Target 'GoogleAppMeasurementTarget' in project 'GoogleAppMeasurement'
        ➜ Explicit dependency on target 'GULAppDelegateSwizzler' in project 'GoogleUtilities'
        ➜ Explicit dependency on target 'GULMethodSwizzler' in project 'GoogleUtilities'
        ➜ Explicit dependency on target 'GULNSData' in project 'GoogleUtilities'
        ➜ Explicit dependency on target 'GULNetwork' in project 'GoogleUtilities'
        ➜ Explicit dependency on target 'GULLogger' in project 'GoogleUtilities'
        ➜ Explicit dependency on target 'GULEnvironment' in project 'GoogleUtilities'
        ➜ Explicit dependency on target 'nanopb' in project 'nanopb'
        ➜ Explicit dependency on target 'GoogleAdsOnDeviceConversion' in project 'GoogleAdsOnDeviceConversion'
    Target 'GoogleAdsOnDeviceConversion' in project 'GoogleAdsOnDeviceConversion'
        ➜ Explicit dependency on target 'GoogleAdsOnDeviceConversionTarget' in project 'GoogleAdsOnDeviceConversion'
        ➜ Explicit dependency on target 'GULEnvironment' in project 'GoogleUtilities'
        ➜ Explicit dependency on target 'GULLogger' in project 'GoogleUtilities'
        ➜ Explicit dependency on target 'GULNetwork' in project 'GoogleUtilities'
        ➜ Explicit dependency on target 'nanopb' in project 'nanopb'
    Target 'GoogleAdsOnDeviceConversionTarget' in project 'GoogleAdsOnDeviceConversion'
        ➜ Explicit dependency on target 'GULEnvironment' in project 'GoogleUtilities'
        ➜ Explicit dependency on target 'GULLogger' in project 'GoogleUtilities'
        ➜ Explicit dependency on target 'GULNetwork' in project 'GoogleUtilities'
        ➜ Explicit dependency on target 'nanopb' in project 'nanopb'
    Target 'nanopb' in project 'nanopb'
        ➜ Explicit dependency on target 'nanopb' in project 'nanopb'
        ➜ Explicit dependency on target 'nanopb_nanopb' in project 'nanopb'
    Target 'nanopb' in project 'nanopb'
        ➜ Explicit dependency on target 'nanopb_nanopb' in project 'nanopb'
    Target 'nanopb_nanopb' in project 'nanopb' (no dependencies)
    Target 'GULNetwork' in project 'GoogleUtilities'
        ➜ Explicit dependency on target 'GoogleUtilities-Network' in project 'GoogleUtilities'
        ➜ Explicit dependency on target 'GoogleUtilities_GoogleUtilities-Network' in project 'GoogleUtilities'
        ➜ Explicit dependency on target 'third-party-IsAppEncrypted' in project 'GoogleUtilities'
        ➜ Explicit dependency on target 'GoogleUtilities-Environment' in project 'GoogleUtilities'
        ➜ Explicit dependency on target 'GoogleUtilities-Logger' in project 'GoogleUtilities'
        ➜ Explicit dependency on target 'GoogleUtilities-NSData' in project 'GoogleUtilities'
        ➜ Explicit dependency on target 'GoogleUtilities-Reachability' in project 'GoogleUtilities'
    Target 'GULMethodSwizzler' in project 'GoogleUtilities'
        ➜ Explicit dependency on target 'GoogleUtilities-MethodSwizzler' in project 'GoogleUtilities'
        ➜ Explicit dependency on target 'GoogleUtilities_GoogleUtilities-MethodSwizzler' in project 'GoogleUtilities'
        ➜ Explicit dependency on target 'third-party-IsAppEncrypted' in project 'GoogleUtilities'
        ➜ Explicit dependency on target 'GoogleUtilities-Environment' in project 'GoogleUtilities'
        ➜ Explicit dependency on target 'GoogleUtilities-Logger' in project 'GoogleUtilities'
    Target 'GoogleUtilities-MethodSwizzler' in project 'GoogleUtilities'
        ➜ Explicit dependency on target 'GoogleUtilities_GoogleUtilities-MethodSwizzler' in project 'GoogleUtilities'
        ➜ Explicit dependency on target 'third-party-IsAppEncrypted' in project 'GoogleUtilities'
        ➜ Explicit dependency on target 'GoogleUtilities-Environment' in project 'GoogleUtilities'
        ➜ Explicit dependency on target 'GoogleUtilities-Logger' in project 'GoogleUtilities'
    Target 'GoogleUtilities_GoogleUtilities-MethodSwizzler' in project 'GoogleUtilities' (no dependencies)
    Target 'GULAppDelegateSwizzler' in project 'GoogleUtilities'
        ➜ Explicit dependency on target 'GoogleUtilities-AppDelegateSwizzler' in project 'GoogleUtilities'
        ➜ Explicit dependency on target 'GoogleUtilities_GoogleUtilities-AppDelegateSwizzler' in project 'GoogleUtilities'
        ➜ Explicit dependency on target 'third-party-IsAppEncrypted' in project 'GoogleUtilities'
        ➜ Explicit dependency on target 'GoogleUtilities-Environment' in project 'GoogleUtilities'
        ➜ Explicit dependency on target 'GoogleUtilities-Logger' in project 'GoogleUtilities'
        ➜ Explicit dependency on target 'GoogleUtilities-NSData' in project 'GoogleUtilities'
        ➜ Explicit dependency on target 'GoogleUtilities-Reachability' in project 'GoogleUtilities'
        ➜ Explicit dependency on target 'GoogleUtilities-Network' in project 'GoogleUtilities'
    Target 'GoogleUtilities-AppDelegateSwizzler' in project 'GoogleUtilities'
        ➜ Explicit dependency on target 'GoogleUtilities_GoogleUtilities-AppDelegateSwizzler' in project 'GoogleUtilities'
        ➜ Explicit dependency on target 'third-party-IsAppEncrypted' in project 'GoogleUtilities'
        ➜ Explicit dependency on target 'GoogleUtilities-Environment' in project 'GoogleUtilities'
        ➜ Explicit dependency on target 'GoogleUtilities-Logger' in project 'GoogleUtilities'
        ➜ Explicit dependency on target 'GoogleUtilities-NSData' in project 'GoogleUtilities'
        ➜ Explicit dependency on target 'GoogleUtilities-Reachability' in project 'GoogleUtilities'
        ➜ Explicit dependency on target 'GoogleUtilities-Network' in project 'GoogleUtilities'
    Target 'GoogleUtilities-Network' in project 'GoogleUtilities'
        ➜ Explicit dependency on target 'GoogleUtilities_GoogleUtilities-Network' in project 'GoogleUtilities'
        ➜ Explicit dependency on target 'third-party-IsAppEncrypted' in project 'GoogleUtilities'
        ➜ Explicit dependency on target 'GoogleUtilities-Environment' in project 'GoogleUtilities'
        ➜ Explicit dependency on target 'GoogleUtilities-Logger' in project 'GoogleUtilities'
        ➜ Explicit dependency on target 'GoogleUtilities-NSData' in project 'GoogleUtilities'
        ➜ Explicit dependency on target 'GoogleUtilities-Reachability' in project 'GoogleUtilities'
    Target 'GoogleUtilities_GoogleUtilities-Network' in project 'GoogleUtilities' (no dependencies)
    Target 'GoogleUtilities-Reachability' in project 'GoogleUtilities'
        ➜ Explicit dependency on target 'GoogleUtilities_GoogleUtilities-Reachability' in project 'GoogleUtilities'
        ➜ Explicit dependency on target 'third-party-IsAppEncrypted' in project 'GoogleUtilities'
        ➜ Explicit dependency on target 'GoogleUtilities-Environment' in project 'GoogleUtilities'
        ➜ Explicit dependency on target 'GoogleUtilities-Logger' in project 'GoogleUtilities'
    Target 'GoogleUtilities_GoogleUtilities-Reachability' in project 'GoogleUtilities' (no dependencies)
    Target 'GoogleUtilities_GoogleUtilities-AppDelegateSwizzler' in project 'GoogleUtilities' (no dependencies)
    Target 'FirebaseInstallations' in project 'Firebase'
        ➜ Explicit dependency on target 'Firebase_FirebaseInstallations' in project 'Firebase'
        ➜ Explicit dependency on target 'Firebase' in project 'Firebase'
        ➜ Explicit dependency on target 'FirebaseCoreInternal' in project 'Firebase'
        ➜ Explicit dependency on target 'FirebaseCore' in project 'Firebase'
        ➜ Explicit dependency on target 'GULNSData' in project 'GoogleUtilities'
        ➜ Explicit dependency on target 'GULEnvironment' in project 'GoogleUtilities'
        ➜ Explicit dependency on target 'GULLogger' in project 'GoogleUtilities'
        ➜ Explicit dependency on target 'FBLPromises' in project 'Promises'
        ➜ Explicit dependency on target 'GULUserDefaults' in project 'GoogleUtilities'
    Target 'GULUserDefaults' in project 'GoogleUtilities'
        ➜ Explicit dependency on target 'GoogleUtilities-UserDefaults' in project 'GoogleUtilities'
        ➜ Explicit dependency on target 'GoogleUtilities_GoogleUtilities-UserDefaults' in project 'GoogleUtilities'
        ➜ Explicit dependency on target 'third-party-IsAppEncrypted' in project 'GoogleUtilities'
        ➜ Explicit dependency on target 'GoogleUtilities-Environment' in project 'GoogleUtilities'
        ➜ Explicit dependency on target 'GoogleUtilities-Logger' in project 'GoogleUtilities'
    Target 'GoogleUtilities-UserDefaults' in project 'GoogleUtilities'
        ➜ Explicit dependency on target 'GoogleUtilities_GoogleUtilities-UserDefaults' in project 'GoogleUtilities'
        ➜ Explicit dependency on target 'third-party-IsAppEncrypted' in project 'GoogleUtilities'
        ➜ Explicit dependency on target 'GoogleUtilities-Environment' in project 'GoogleUtilities'
        ➜ Explicit dependency on target 'GoogleUtilities-Logger' in project 'GoogleUtilities'
    Target 'GoogleUtilities_GoogleUtilities-UserDefaults' in project 'GoogleUtilities' (no dependencies)
    Target 'FBLPromises' in project 'Promises'
        ➜ Explicit dependency on target 'FBLPromises' in project 'Promises'
        ➜ Explicit dependency on target 'Promises_FBLPromises' in project 'Promises'
    Target 'FBLPromises' in project 'Promises'
        ➜ Explicit dependency on target 'Promises_FBLPromises' in project 'Promises'
    Target 'Promises_FBLPromises' in project 'Promises' (no dependencies)
    Target 'Firebase_FirebaseInstallations' in project 'Firebase' (no dependencies)
    Target 'FirebaseCore' in project 'Firebase'
        ➜ Explicit dependency on target 'Firebase_FirebaseCore' in project 'Firebase'
        ➜ Explicit dependency on target 'Firebase' in project 'Firebase'
        ➜ Explicit dependency on target 'FirebaseCoreInternal' in project 'Firebase'
        ➜ Explicit dependency on target 'GULNSData' in project 'GoogleUtilities'
        ➜ Explicit dependency on target 'GULEnvironment' in project 'GoogleUtilities'
        ➜ Explicit dependency on target 'GULLogger' in project 'GoogleUtilities'
    Target 'GULLogger' in project 'GoogleUtilities'
        ➜ Explicit dependency on target 'GoogleUtilities-Logger' in project 'GoogleUtilities'
        ➜ Explicit dependency on target 'GoogleUtilities_GoogleUtilities-Logger' in project 'GoogleUtilities'
        ➜ Explicit dependency on target 'third-party-IsAppEncrypted' in project 'GoogleUtilities'
        ➜ Explicit dependency on target 'GoogleUtilities-Environment' in project 'GoogleUtilities'
    Target 'GoogleUtilities-Logger' in project 'GoogleUtilities'
        ➜ Explicit dependency on target 'GoogleUtilities_GoogleUtilities-Logger' in project 'GoogleUtilities'
        ➜ Explicit dependency on target 'third-party-IsAppEncrypted' in project 'GoogleUtilities'
        ➜ Explicit dependency on target 'GoogleUtilities-Environment' in project 'GoogleUtilities'
    Target 'GoogleUtilities_GoogleUtilities-Logger' in project 'GoogleUtilities' (no dependencies)
    Target 'GULEnvironment' in project 'GoogleUtilities'
        ➜ Explicit dependency on target 'GoogleUtilities-Environment' in project 'GoogleUtilities'
        ➜ Explicit dependency on target 'GoogleUtilities_GoogleUtilities-Environment' in project 'GoogleUtilities'
        ➜ Explicit dependency on target 'third-party-IsAppEncrypted' in project 'GoogleUtilities'
    Target 'GoogleUtilities-Environment' in project 'GoogleUtilities'
        ➜ Explicit dependency on target 'GoogleUtilities_GoogleUtilities-Environment' in project 'GoogleUtilities'
        ➜ Explicit dependency on target 'third-party-IsAppEncrypted' in project 'GoogleUtilities'
    Target 'third-party-IsAppEncrypted' in project 'GoogleUtilities' (no dependencies)
    Target 'GoogleUtilities_GoogleUtilities-Environment' in project 'GoogleUtilities' (no dependencies)
    Target 'Firebase_FirebaseCore' in project 'Firebase' (no dependencies)
    Target 'FirebaseCoreInternal' in project 'Firebase'
        ➜ Explicit dependency on target 'Firebase_FirebaseCoreInternal' in project 'Firebase'
        ➜ Explicit dependency on target 'GULNSData' in project 'GoogleUtilities'
    Target 'GULNSData' in project 'GoogleUtilities'
        ➜ Explicit dependency on target 'GoogleUtilities-NSData' in project 'GoogleUtilities'
        ➜ Explicit dependency on target 'GoogleUtilities_GoogleUtilities-NSData' in project 'GoogleUtilities'
    Target 'GoogleUtilities-NSData' in project 'GoogleUtilities'
        ➜ Explicit dependency on target 'GoogleUtilities_GoogleUtilities-NSData' in project 'GoogleUtilities'
    Target 'GoogleUtilities_GoogleUtilities-NSData' in project 'GoogleUtilities' (no dependencies)
    Target 'Firebase_FirebaseCoreInternal' in project 'Firebase' (no dependencies)
    Target 'Firebase' in project 'Firebase' (no dependencies)
    Target 'ReceiptParser' in project 'RevenueCat'
        ➜ Explicit dependency on target 'ReceiptParser' in project 'RevenueCat'
    Target 'ReceiptParser' in project 'RevenueCat' (no dependencies)
    Target 'RevenueCat' in project 'RevenueCat'
        ➜ Explicit dependency on target 'RevenueCat' in project 'RevenueCat'
        ➜ Explicit dependency on target 'RevenueCat_RevenueCat' in project 'RevenueCat'
    Target 'RevenueCat' in project 'RevenueCat'
        ➜ Explicit dependency on target 'RevenueCat_RevenueCat' in project 'RevenueCat'
    Target 'RevenueCat_RevenueCat' in project 'RevenueCat' (no dependencies)
    Target 'GoogleMobileAds' in project 'GoogleMobileAds'
        ➜ Explicit dependency on target 'GoogleMobileAdsTarget' in project 'GoogleMobileAds'
        ➜ Explicit dependency on target 'GoogleUserMessagingPlatform' in project 'GoogleUserMessagingPlatform'
    Target 'GoogleMobileAdsTarget' in project 'GoogleMobileAds'
        ➜ Explicit dependency on target 'GoogleUserMessagingPlatform' in project 'GoogleUserMessagingPlatform'
    Target 'GoogleUserMessagingPlatform' in project 'GoogleUserMessagingPlatform'
        ➜ Explicit dependency on target 'UserMessagingPlatformTarget' in project 'GoogleUserMessagingPlatform'
    Target 'UserMessagingPlatformTarget' in project 'GoogleUserMessagingPlatform' (no dependencies)

GatherProvisioningInputs

CreateBuildDescription

ExecuteExternalTool /Applications/Xcode.app/Contents/Developer/Toolchains/XcodeDefault.xctoolchain/usr/bin/clang -v -E -dM -arch arm64 -isysroot /Applications/Xcode.app/Contents/Developer/Platforms/iPhoneSimulator.platform/Developer/SDKs/iPhoneSimulator26.1.sdk -x objective-c -c /dev/null

ExecuteExternalTool /Applications/Xcode.app/Contents/Developer/Toolchains/XcodeDefault.xctoolchain/usr/bin/swiftc --version

ExecuteExternalTool /Applications/Xcode.app/Contents/Developer/Toolchains/XcodeDefault.xctoolchain/usr/bin/clang -v -E -dM -isysroot /Applications/Xcode.app/Contents/Developer/Platforms/iPhoneSimulator.platform/Developer/SDKs/iPhoneSimulator26.1.sdk -x c -c /dev/null

ExecuteExternalTool /Applications/Xcode.app/Contents/Developer/usr/bin/actool --print-asset-tag-combinations --output-format xml1 /Users/yalun/Documents/projects/xcode/CleanSwipe/Kage/Preview Content/Preview Assets.xcassets /Users/yalun/Documents/projects/xcode/CleanSwipe/Kage/Assets.xcassets

ExecuteExternalTool /Applications/Xcode.app/Contents/Developer/usr/bin/actool --version --output-format xml1

ExecuteExternalTool /Applications/Xcode.app/Contents/Developer/usr/bin/xcstringstool compile --dry-run --output-directory /Users/yalun/Library/Developer/Xcode/DerivedData/Kage-cotcvhpcgffouaadkgczhxwmxdtk/Build/Intermediates.noindex/Kage.build/Debug-iphonesimulator/Kage.build /Users/yalun/Documents/projects/xcode/CleanSwipe/Kage/Localizable.xcstrings

ExecuteExternalTool /Applications/Xcode.app/Contents/Developer/Toolchains/XcodeDefault.xctoolchain/usr/bin/clang -v -E -dM -arch arm64 -isysroot /Applications/Xcode.app/Contents/Developer/Platforms/iPhoneSimulator.platform/Developer/SDKs/iPhoneSimulator26.1.sdk -x c -c /dev/null

ExecuteExternalTool /Applications/Xcode.app/Contents/Developer/Toolchains/XcodeDefault.xctoolchain/usr/bin/ld -version_details

ReadFileContents /Applications/Xcode.app/Contents/Developer/Toolchains/XcodeDefault.xctoolchain/usr/share/docc/features.json

Build description signature: 9eaeeb12246476390bafe182a87d85e3
Build description path: /Users/yalun/Library/Developer/Xcode/DerivedData/Kage-cotcvhpcgffouaadkgczhxwmxdtk/Build/Intermediates.noindex/XCBuildData/9eaeeb12246476390bafe182a87d85e3.xcbuilddata
ClangStatCache /Applications/Xcode.app/Contents/Developer/Toolchains/XcodeDefault.xctoolchain/usr/bin/clang-stat-cache /Applications/Xcode.app/Contents/Developer/Platforms/iPhoneSimulator.platform/Developer/SDKs/iPhoneSimulator26.1.sdk /Users/yalun/Library/Developer/Xcode/DerivedData/SDKStatCaches.noindex/iphonesimulator26.1-23B77-90cf18a4295e390e64c810bc6bd7acbc.sdkstatcache
    cd /Users/yalun/Documents/projects/xcode/CleanSwipe/Kage.xcodeproj
    /Applications/Xcode.app/Contents/Developer/Toolchains/XcodeDefault.xctoolchain/usr/bin/clang-stat-cache /Applications/Xcode.app/Contents/Developer/Platforms/iPhoneSimulator.platform/Developer/SDKs/iPhoneSimulator26.1.sdk -o /Users/yalun/Library/Developer/Xcode/DerivedData/SDKStatCaches.noindex/iphonesimulator26.1-23B77-90cf18a4295e390e64c810bc6bd7acbc.sdkstatcache

ProcessInfoPlistFile /Users/yalun/Library/Developer/Xcode/DerivedData/Kage-cotcvhpcgffouaadkgczhxwmxdtk/Build/Products/Debug-iphonesimulator/Promises_FBLPromises.bundle/Info.plist /Users/yalun/Library/Developer/Xcode/DerivedData/Kage-cotcvhpcgffouaadkgczhxwmxdtk/Build/Intermediates.noindex/Promises.build/Debug-iphonesimulator/Promises_FBLPromises.build/empty-Promises_FBLPromises.plist (in target 'Promises_FBLPromises' from project 'Promises')
    cd /Users/yalun/Library/Developer/Xcode/DerivedData/Kage-cotcvhpcgffouaadkgczhxwmxdtk/SourcePackages/checkouts/promises
    builtin-infoPlistUtility /Users/yalun/Library/Developer/Xcode/DerivedData/Kage-cotcvhpcgffouaadkgczhxwmxdtk/Build/Intermediates.noindex/Promises.build/Debug-iphonesimulator/Promises_FBLPromises.build/empty-Promises_FBLPromises.plist -producttype com.apple.product-type.bundle -expandbuildsettings -format binary -platform iphonesimulator -o /Users/yalun/Library/Developer/Xcode/DerivedData/Kage-cotcvhpcgffouaadkgczhxwmxdtk/Build/Products/Debug-iphonesimulator/Promises_FBLPromises.bundle/Info.plist

ProcessInfoPlistFile /Users/yalun/Library/Developer/Xcode/DerivedData/Kage-cotcvhpcgffouaadkgczhxwmxdtk/Build/Products/Debug-iphonesimulator/GoogleUtilities_GoogleUtilities-UserDefaults.bundle/Info.plist /Users/yalun/Library/Developer/Xcode/DerivedData/Kage-cotcvhpcgffouaadkgczhxwmxdtk/Build/Intermediates.noindex/GoogleUtilities.build/Debug-iphonesimulator/GoogleUtilities_GoogleUtilities-UserDefaults.build/empty-GoogleUtilities_GoogleUtilities-UserDefaults.plist (in target 'GoogleUtilities_GoogleUtilities-UserDefaults' from project 'GoogleUtilities')
    cd /Users/yalun/Library/Developer/Xcode/DerivedData/Kage-cotcvhpcgffouaadkgczhxwmxdtk/SourcePackages/checkouts/GoogleUtilities
    builtin-infoPlistUtility /Users/yalun/Library/Developer/Xcode/DerivedData/Kage-cotcvhpcgffouaadkgczhxwmxdtk/Build/Intermediates.noindex/GoogleUtilities.build/Debug-iphonesimulator/GoogleUtilities_GoogleUtilities-UserDefaults.build/empty-GoogleUtilities_GoogleUtilities-UserDefaults.plist -producttype com.apple.product-type.bundle -expandbuildsettings -format binary -platform iphonesimulator -o /Users/yalun/Library/Developer/Xcode/DerivedData/Kage-cotcvhpcgffouaadkgczhxwmxdtk/Build/Products/Debug-iphonesimulator/GoogleUtilities_GoogleUtilities-UserDefaults.bundle/Info.plist

ProcessInfoPlistFile /Users/yalun/Library/Developer/Xcode/DerivedData/Kage-cotcvhpcgffouaadkgczhxwmxdtk/Build/Products/Debug-iphonesimulator/GoogleUtilities_GoogleUtilities-Reachability.bundle/Info.plist /Users/yalun/Library/Developer/Xcode/DerivedData/Kage-cotcvhpcgffouaadkgczhxwmxdtk/Build/Intermediates.noindex/GoogleUtilities.build/Debug-iphonesimulator/GoogleUtilities_GoogleUtilities-Reachability.build/empty-GoogleUtilities_GoogleUtilities-Reachability.plist (in target 'GoogleUtilities_GoogleUtilities-Reachability' from project 'GoogleUtilities')
    cd /Users/yalun/Library/Developer/Xcode/DerivedData/Kage-cotcvhpcgffouaadkgczhxwmxdtk/SourcePackages/checkouts/GoogleUtilities
    builtin-infoPlistUtility /Users/yalun/Library/Developer/Xcode/DerivedData/Kage-cotcvhpcgffouaadkgczhxwmxdtk/Build/Intermediates.noindex/GoogleUtilities.build/Debug-iphonesimulator/GoogleUtilities_GoogleUtilities-Reachability.build/empty-GoogleUtilities_GoogleUtilities-Reachability.plist -producttype com.apple.product-type.bundle -expandbuildsettings -format binary -platform iphonesimulator -o /Users/yalun/Library/Developer/Xcode/DerivedData/Kage-cotcvhpcgffouaadkgczhxwmxdtk/Build/Products/Debug-iphonesimulator/GoogleUtilities_GoogleUtilities-Reachability.bundle/Info.plist

ProcessInfoPlistFile /Users/yalun/Library/Developer/Xcode/DerivedData/Kage-cotcvhpcgffouaadkgczhxwmxdtk/Build/Products/Debug-iphonesimulator/GoogleUtilities_GoogleUtilities-NSData.bundle/Info.plist /Users/yalun/Library/Developer/Xcode/DerivedData/Kage-cotcvhpcgffouaadkgczhxwmxdtk/Build/Intermediates.noindex/GoogleUtilities.build/Debug-iphonesimulator/GoogleUtilities_GoogleUtilities-NSData.build/empty-GoogleUtilities_GoogleUtilities-NSData.plist (in target 'GoogleUtilities_GoogleUtilities-NSData' from project 'GoogleUtilities')
    cd /Users/yalun/Library/Developer/Xcode/DerivedData/Kage-cotcvhpcgffouaadkgczhxwmxdtk/SourcePackages/checkouts/GoogleUtilities
    builtin-infoPlistUtility /Users/yalun/Library/Developer/Xcode/DerivedData/Kage-cotcvhpcgffouaadkgczhxwmxdtk/Build/Intermediates.noindex/GoogleUtilities.build/Debug-iphonesimulator/GoogleUtilities_GoogleUtilities-NSData.build/empty-GoogleUtilities_GoogleUtilities-NSData.plist -producttype com.apple.product-type.bundle -expandbuildsettings -format binary -platform iphonesimulator -o /Users/yalun/Library/Developer/Xcode/DerivedData/Kage-cotcvhpcgffouaadkgczhxwmxdtk/Build/Products/Debug-iphonesimulator/GoogleUtilities_GoogleUtilities-NSData.bundle/Info.plist

ProcessInfoPlistFile /Users/yalun/Library/Developer/Xcode/DerivedData/Kage-cotcvhpcgffouaadkgczhxwmxdtk/Build/Products/Debug-iphonesimulator/RevenueCat_RevenueCat.bundle/Info.plist /Users/yalun/Library/Developer/Xcode/DerivedData/Kage-cotcvhpcgffouaadkgczhxwmxdtk/Build/Intermediates.noindex/RevenueCat.build/Debug-iphonesimulator/RevenueCat_RevenueCat.build/empty-RevenueCat_RevenueCat.plist (in target 'RevenueCat_RevenueCat' from project 'RevenueCat')
    cd /Users/yalun/Library/Developer/Xcode/DerivedData/Kage-cotcvhpcgffouaadkgczhxwmxdtk/SourcePackages/checkouts/purchases-ios
    builtin-infoPlistUtility /Users/yalun/Library/Developer/Xcode/DerivedData/Kage-cotcvhpcgffouaadkgczhxwmxdtk/Build/Intermediates.noindex/RevenueCat.build/Debug-iphonesimulator/RevenueCat_RevenueCat.build/empty-RevenueCat_RevenueCat.plist -producttype com.apple.product-type.bundle -expandbuildsettings -format binary -platform iphonesimulator -o /Users/yalun/Library/Developer/Xcode/DerivedData/Kage-cotcvhpcgffouaadkgczhxwmxdtk/Build/Products/Debug-iphonesimulator/RevenueCat_RevenueCat.bundle/Info.plist

ProcessInfoPlistFile /Users/yalun/Library/Developer/Xcode/DerivedData/Kage-cotcvhpcgffouaadkgczhxwmxdtk/Build/Products/Debug-iphonesimulator/nanopb_nanopb.bundle/Info.plist /Users/yalun/Library/Developer/Xcode/DerivedData/Kage-cotcvhpcgffouaadkgczhxwmxdtk/Build/Intermediates.noindex/nanopb.build/Debug-iphonesimulator/nanopb_nanopb.build/empty-nanopb_nanopb.plist (in target 'nanopb_nanopb' from project 'nanopb')
    cd /Users/yalun/Library/Developer/Xcode/DerivedData/Kage-cotcvhpcgffouaadkgczhxwmxdtk/SourcePackages/checkouts/nanopb
    builtin-infoPlistUtility /Users/yalun/Library/Developer/Xcode/DerivedData/Kage-cotcvhpcgffouaadkgczhxwmxdtk/Build/Intermediates.noindex/nanopb.build/Debug-iphonesimulator/nanopb_nanopb.build/empty-nanopb_nanopb.plist -producttype com.apple.product-type.bundle -expandbuildsettings -format binary -platform iphonesimulator -o /Users/yalun/Library/Developer/Xcode/DerivedData/Kage-cotcvhpcgffouaadkgczhxwmxdtk/Build/Products/Debug-iphonesimulator/nanopb_nanopb.bundle/Info.plist

ProcessInfoPlistFile /Users/yalun/Library/Developer/Xcode/DerivedData/Kage-cotcvhpcgffouaadkgczhxwmxdtk/Build/Products/Debug-iphonesimulator/GoogleUtilities_GoogleUtilities-MethodSwizzler.bundle/Info.plist /Users/yalun/Library/Developer/Xcode/DerivedData/Kage-cotcvhpcgffouaadkgczhxwmxdtk/Build/Intermediates.noindex/GoogleUtilities.build/Debug-iphonesimulator/GoogleUtilities_GoogleUtilities-MethodSwizzler.build/empty-GoogleUtilities_GoogleUtilities-MethodSwizzler.plist (in target 'GoogleUtilities_GoogleUtilities-MethodSwizzler' from project 'GoogleUtilities')
    cd /Users/yalun/Library/Developer/Xcode/DerivedData/Kage-cotcvhpcgffouaadkgczhxwmxdtk/SourcePackages/checkouts/GoogleUtilities
    builtin-infoPlistUtility /Users/yalun/Library/Developer/Xcode/DerivedData/Kage-cotcvhpcgffouaadkgczhxwmxdtk/Build/Intermediates.noindex/GoogleUtilities.build/Debug-iphonesimulator/GoogleUtilities_GoogleUtilities-MethodSwizzler.build/empty-GoogleUtilities_GoogleUtilities-MethodSwizzler.plist -producttype com.apple.product-type.bundle -expandbuildsettings -format binary -platform iphonesimulator -o /Users/yalun/Library/Developer/Xcode/DerivedData/Kage-cotcvhpcgffouaadkgczhxwmxdtk/Build/Products/Debug-iphonesimulator/GoogleUtilities_GoogleUtilities-MethodSwizzler.bundle/Info.plist

ProcessInfoPlistFile /Users/yalun/Library/Developer/Xcode/DerivedData/Kage-cotcvhpcgffouaadkgczhxwmxdtk/Build/Products/Debug-iphonesimulator/GoogleUtilities_GoogleUtilities-Network.bundle/Info.plist /Users/yalun/Library/Developer/Xcode/DerivedData/Kage-cotcvhpcgffouaadkgczhxwmxdtk/Build/Intermediates.noindex/GoogleUtilities.build/Debug-iphonesimulator/GoogleUtilities_GoogleUtilities-Network.build/empty-GoogleUtilities_GoogleUtilities-Network.plist (in target 'GoogleUtilities_GoogleUtilities-Network' from project 'GoogleUtilities')
    cd /Users/yalun/Library/Developer/Xcode/DerivedData/Kage-cotcvhpcgffouaadkgczhxwmxdtk/SourcePackages/checkouts/GoogleUtilities
    builtin-infoPlistUtility /Users/yalun/Library/Developer/Xcode/DerivedData/Kage-cotcvhpcgffouaadkgczhxwmxdtk/Build/Intermediates.noindex/GoogleUtilities.build/Debug-iphonesimulator/GoogleUtilities_GoogleUtilities-Network.build/empty-GoogleUtilities_GoogleUtilities-Network.plist -producttype com.apple.product-type.bundle -expandbuildsettings -format binary -platform iphonesimulator -o /Users/yalun/Library/Developer/Xcode/DerivedData/Kage-cotcvhpcgffouaadkgczhxwmxdtk/Build/Products/Debug-iphonesimulator/GoogleUtilities_GoogleUtilities-Network.bundle/Info.plist

ProcessInfoPlistFile /Users/yalun/Library/Developer/Xcode/DerivedData/Kage-cotcvhpcgffouaadkgczhxwmxdtk/Build/Products/Debug-iphonesimulator/GoogleUtilities_GoogleUtilities-Logger.bundle/Info.plist /Users/yalun/Library/Developer/Xcode/DerivedData/Kage-cotcvhpcgffouaadkgczhxwmxdtk/Build/Intermediates.noindex/GoogleUtilities.build/Debug-iphonesimulator/GoogleUtilities_GoogleUtilities-Logger.build/empty-GoogleUtilities_GoogleUtilities-Logger.plist (in target 'GoogleUtilities_GoogleUtilities-Logger' from project 'GoogleUtilities')
    cd /Users/yalun/Library/Developer/Xcode/DerivedData/Kage-cotcvhpcgffouaadkgczhxwmxdtk/SourcePackages/checkouts/GoogleUtilities
    builtin-infoPlistUtility /Users/yalun/Library/Developer/Xcode/DerivedData/Kage-cotcvhpcgffouaadkgczhxwmxdtk/Build/Intermediates.noindex/GoogleUtilities.build/Debug-iphonesimulator/GoogleUtilities_GoogleUtilities-Logger.build/empty-GoogleUtilities_GoogleUtilities-Logger.plist -producttype com.apple.product-type.bundle -expandbuildsettings -format binary -platform iphonesimulator -o /Users/yalun/Library/Developer/Xcode/DerivedData/Kage-cotcvhpcgffouaadkgczhxwmxdtk/Build/Products/Debug-iphonesimulator/GoogleUtilities_GoogleUtilities-Logger.bundle/Info.plist

ProcessInfoPlistFile /Users/yalun/Library/Developer/Xcode/DerivedData/Kage-cotcvhpcgffouaadkgczhxwmxdtk/Build/Products/Debug-iphonesimulator/RevenueCat_RevenueCatUI.bundle/Info.plist /Users/yalun/Library/Developer/Xcode/DerivedData/Kage-cotcvhpcgffouaadkgczhxwmxdtk/Build/Intermediates.noindex/RevenueCat.build/Debug-iphonesimulator/RevenueCat_RevenueCatUI.build/empty-RevenueCat_RevenueCatUI.plist (in target 'RevenueCat_RevenueCatUI' from project 'RevenueCat')
    cd /Users/yalun/Library/Developer/Xcode/DerivedData/Kage-cotcvhpcgffouaadkgczhxwmxdtk/SourcePackages/checkouts/purchases-ios
    builtin-infoPlistUtility /Users/yalun/Library/Developer/Xcode/DerivedData/Kage-cotcvhpcgffouaadkgczhxwmxdtk/Build/Intermediates.noindex/RevenueCat.build/Debug-iphonesimulator/RevenueCat_RevenueCatUI.build/empty-RevenueCat_RevenueCatUI.plist -producttype com.apple.product-type.bundle -expandbuildsettings -format binary -platform iphonesimulator -additionalcontentfile /Users/yalun/Library/Developer/Xcode/DerivedData/Kage-cotcvhpcgffouaadkgczhxwmxdtk/Build/Intermediates.noindex/RevenueCat.build/Debug-iphonesimulator/RevenueCat_RevenueCatUI.build/assetcatalog_generated_info.plist -o /Users/yalun/Library/Developer/Xcode/DerivedData/Kage-cotcvhpcgffouaadkgczhxwmxdtk/Build/Products/Debug-iphonesimulator/RevenueCat_RevenueCatUI.bundle/Info.plist

ProcessInfoPlistFile /Users/yalun/Library/Developer/Xcode/DerivedData/Kage-cotcvhpcgffouaadkgczhxwmxdtk/Build/Products/Debug-iphonesimulator/GoogleUtilities_GoogleUtilities-Environment.bundle/Info.plist /Users/yalun/Library/Developer/Xcode/DerivedData/Kage-cotcvhpcgffouaadkgczhxwmxdtk/Build/Intermediates.noindex/GoogleUtilities.build/Debug-iphonesimulator/GoogleUtilities_GoogleUtilities-Environment.build/empty-GoogleUtilities_GoogleUtilities-Environment.plist (in target 'GoogleUtilities_GoogleUtilities-Environment' from project 'GoogleUtilities')
    cd /Users/yalun/Library/Developer/Xcode/DerivedData/Kage-cotcvhpcgffouaadkgczhxwmxdtk/SourcePackages/checkouts/GoogleUtilities
    builtin-infoPlistUtility /Users/yalun/Library/Developer/Xcode/DerivedData/Kage-cotcvhpcgffouaadkgczhxwmxdtk/Build/Intermediates.noindex/GoogleUtilities.build/Debug-iphonesimulator/GoogleUtilities_GoogleUtilities-Environment.build/empty-GoogleUtilities_GoogleUtilities-Environment.plist -producttype com.apple.product-type.bundle -expandbuildsettings -format binary -platform iphonesimulator -o /Users/yalun/Library/Developer/Xcode/DerivedData/Kage-cotcvhpcgffouaadkgczhxwmxdtk/Build/Products/Debug-iphonesimulator/GoogleUtilities_GoogleUtilities-Environment.bundle/Info.plist

ProcessInfoPlistFile /Users/yalun/Library/Developer/Xcode/DerivedData/Kage-cotcvhpcgffouaadkgczhxwmxdtk/Build/Products/Debug-iphonesimulator/GoogleUtilities_GoogleUtilities-AppDelegateSwizzler.bundle/Info.plist /Users/yalun/Library/Developer/Xcode/DerivedData/Kage-cotcvhpcgffouaadkgczhxwmxdtk/Build/Intermediates.noindex/GoogleUtilities.build/Debug-iphonesimulator/GoogleUtilities_GoogleUtilities-AppDelegateSwizzler.build/empty-GoogleUtilities_GoogleUtilities-AppDelegateSwizzler.plist (in target 'GoogleUtilities_GoogleUtilities-AppDelegateSwizzler' from project 'GoogleUtilities')
    cd /Users/yalun/Library/Developer/Xcode/DerivedData/Kage-cotcvhpcgffouaadkgczhxwmxdtk/SourcePackages/checkouts/GoogleUtilities
    builtin-infoPlistUtility /Users/yalun/Library/Developer/Xcode/DerivedData/Kage-cotcvhpcgffouaadkgczhxwmxdtk/Build/Intermediates.noindex/GoogleUtilities.build/Debug-iphonesimulator/GoogleUtilities_GoogleUtilities-AppDelegateSwizzler.build/empty-GoogleUtilities_GoogleUtilities-AppDelegateSwizzler.plist -producttype com.apple.product-type.bundle -expandbuildsettings -format binary -platform iphonesimulator -o /Users/yalun/Library/Developer/Xcode/DerivedData/Kage-cotcvhpcgffouaadkgczhxwmxdtk/Build/Products/Debug-iphonesimulator/GoogleUtilities_GoogleUtilities-AppDelegateSwizzler.bundle/Info.plist

ProcessInfoPlistFile /Users/yalun/Library/Developer/Xcode/DerivedData/Kage-cotcvhpcgffouaadkgczhxwmxdtk/Build/Products/Debug-iphonesimulator/Firebase_FirebaseInstallations.bundle/Info.plist /Users/yalun/Library/Developer/Xcode/DerivedData/Kage-cotcvhpcgffouaadkgczhxwmxdtk/Build/Intermediates.noindex/Firebase.build/Debug-iphonesimulator/Firebase_FirebaseInstallations.build/empty-Firebase_FirebaseInstallations.plist (in target 'Firebase_FirebaseInstallations' from project 'Firebase')
    cd /Users/yalun/Library/Developer/Xcode/DerivedData/Kage-cotcvhpcgffouaadkgczhxwmxdtk/SourcePackages/checkouts/firebase-ios-sdk
    builtin-infoPlistUtility /Users/yalun/Library/Developer/Xcode/DerivedData/Kage-cotcvhpcgffouaadkgczhxwmxdtk/Build/Intermediates.noindex/Firebase.build/Debug-iphonesimulator/Firebase_FirebaseInstallations.build/empty-Firebase_FirebaseInstallations.plist -producttype com.apple.product-type.bundle -expandbuildsettings -format binary -platform iphonesimulator -o /Users/yalun/Library/Developer/Xcode/DerivedData/Kage-cotcvhpcgffouaadkgczhxwmxdtk/Build/Products/Debug-iphonesimulator/Firebase_FirebaseInstallations.bundle/Info.plist

ProcessInfoPlistFile /Users/yalun/Library/Developer/Xcode/DerivedData/Kage-cotcvhpcgffouaadkgczhxwmxdtk/Build/Products/Debug-iphonesimulator/Firebase_FirebaseCoreInternal.bundle/Info.plist /Users/yalun/Library/Developer/Xcode/DerivedData/Kage-cotcvhpcgffouaadkgczhxwmxdtk/Build/Intermediates.noindex/Firebase.build/Debug-iphonesimulator/Firebase_FirebaseCoreInternal.build/empty-Firebase_FirebaseCoreInternal.plist (in target 'Firebase_FirebaseCoreInternal' from project 'Firebase')
    cd /Users/yalun/Library/Developer/Xcode/DerivedData/Kage-cotcvhpcgffouaadkgczhxwmxdtk/SourcePackages/checkouts/firebase-ios-sdk
    builtin-infoPlistUtility /Users/yalun/Library/Developer/Xcode/DerivedData/Kage-cotcvhpcgffouaadkgczhxwmxdtk/Build/Intermediates.noindex/Firebase.build/Debug-iphonesimulator/Firebase_FirebaseCoreInternal.build/empty-Firebase_FirebaseCoreInternal.plist -producttype com.apple.product-type.bundle -expandbuildsettings -format binary -platform iphonesimulator -o /Users/yalun/Library/Developer/Xcode/DerivedData/Kage-cotcvhpcgffouaadkgczhxwmxdtk/Build/Products/Debug-iphonesimulator/Firebase_FirebaseCoreInternal.bundle/Info.plist

ProcessInfoPlistFile /Users/yalun/Library/Developer/Xcode/DerivedData/Kage-cotcvhpcgffouaadkgczhxwmxdtk/Build/Products/Debug-iphonesimulator/Firebase_FirebaseCore.bundle/Info.plist /Users/yalun/Library/Developer/Xcode/DerivedData/Kage-cotcvhpcgffouaadkgczhxwmxdtk/Build/Intermediates.noindex/Firebase.build/Debug-iphonesimulator/Firebase_FirebaseCore.build/empty-Firebase_FirebaseCore.plist (in target 'Firebase_FirebaseCore' from project 'Firebase')
    cd /Users/yalun/Library/Developer/Xcode/DerivedData/Kage-cotcvhpcgffouaadkgczhxwmxdtk/SourcePackages/checkouts/firebase-ios-sdk
    builtin-infoPlistUtility /Users/yalun/Library/Developer/Xcode/DerivedData/Kage-cotcvhpcgffouaadkgczhxwmxdtk/Build/Intermediates.noindex/Firebase.build/Debug-iphonesimulator/Firebase_FirebaseCore.build/empty-Firebase_FirebaseCore.plist -producttype com.apple.product-type.bundle -expandbuildsettings -format binary -platform iphonesimulator -o /Users/yalun/Library/Developer/Xcode/DerivedData/Kage-cotcvhpcgffouaadkgczhxwmxdtk/Build/Products/Debug-iphonesimulator/Firebase_FirebaseCore.bundle/Info.plist

ProcessProductPackaging "" /Users/yalun/Library/Developer/Xcode/DerivedData/Kage-cotcvhpcgffouaadkgczhxwmxdtk/Build/Intermediates.noindex/Kage.build/Debug-iphonesimulator/Kage.build/Kage.app-Simulated.xcent (in target 'Kage' from project 'Kage')
    cd /Users/yalun/Documents/projects/xcode/CleanSwipe
    
    Entitlements:
    
    {
    "application-identifier" = "63FZ6N973R.com.yalun.cleanswipe";
}
    
    builtin-productPackagingUtility -entitlements -format xml -o /Users/yalun/Library/Developer/Xcode/DerivedData/Kage-cotcvhpcgffouaadkgczhxwmxdtk/Build/Intermediates.noindex/Kage.build/Debug-iphonesimulator/Kage.build/Kage.app-Simulated.xcent

ProcessProductPackagingDER /Users/yalun/Library/Developer/Xcode/DerivedData/Kage-cotcvhpcgffouaadkgczhxwmxdtk/Build/Intermediates.noindex/Kage.build/Debug-iphonesimulator/Kage.build/Kage.app-Simulated.xcent /Users/yalun/Library/Developer/Xcode/DerivedData/Kage-cotcvhpcgffouaadkgczhxwmxdtk/Build/Intermediates.noindex/Kage.build/Debug-iphonesimulator/Kage.build/Kage.app-Simulated.xcent.der (in target 'Kage' from project 'Kage')
    cd /Users/yalun/Documents/projects/xcode/CleanSwipe
    /usr/bin/derq query -f xml -i /Users/yalun/Library/Developer/Xcode/DerivedData/Kage-cotcvhpcgffouaadkgczhxwmxdtk/Build/Intermediates.noindex/Kage.build/Debug-iphonesimulator/Kage.build/Kage.app-Simulated.xcent -o /Users/yalun/Library/Developer/Xcode/DerivedData/Kage-cotcvhpcgffouaadkgczhxwmxdtk/Build/Intermediates.noindex/Kage.build/Debug-iphonesimulator/Kage.build/Kage.app-Simulated.xcent.der --raw

SwiftDriver Kage normal arm64 com.apple.xcode.tools.swift.compiler (in target 'Kage' from project 'Kage')
    cd /Users/yalun/Documents/projects/xcode/CleanSwipe
    builtin-SwiftDriver -- /Applications/Xcode.app/Contents/Developer/Toolchains/XcodeDefault.xctoolchain/usr/bin/swiftc -module-name Kage -Onone -enforce-exclusivity\=checked @/Users/yalun/Library/Developer/Xcode/DerivedData/Kage-cotcvhpcgffouaadkgczhxwmxdtk/Build/Intermediates.noindex/Kage.build/Debug-iphonesimulator/Kage.build/Objects-normal/arm64/Kage.SwiftFileList -DDEBUG -Xcc -fmodule-map-file\=/Users/yalun/Library/Developer/Xcode/DerivedData/Kage-cotcvhpcgffouaadkgczhxwmxdtk/Build/Intermediates.noindex/GeneratedModuleMaps-iphonesimulator/UserMessagingPlatformTarget.modulemap -Xcc -fmodule-map-file\=/Users/yalun/Library/Developer/Xcode/DerivedData/Kage-cotcvhpcgffouaadkgczhxwmxdtk/Build/Intermediates.noindex/GeneratedModuleMaps-iphonesimulator/GoogleUtilities-UserDefaults.modulemap -Xcc -fmodule-map-file\=/Users/yalun/Library/Developer/Xcode/DerivedData/Kage-cotcvhpcgffouaadkgczhxwmxdtk/Build/Intermediates.noindex/GeneratedModuleMaps-iphonesimulator/GoogleAdsOnDeviceConversionTarget.modulemap -Xcc -fmodule-map-file\=/Users/yalun/Library/Developer/Xcode/DerivedData/Kage-cotcvhpcgffouaadkgczhxwmxdtk/Build/Intermediates.noindex/GeneratedModuleMaps-iphonesimulator/GoogleAppMeasurementTarget.modulemap -Xcc -fmodule-map-file\=/Users/yalun/Library/Developer/Xcode/DerivedData/Kage-cotcvhpcgffouaadkgczhxwmxdtk/Build/Intermediates.noindex/GeneratedModuleMaps-iphonesimulator/GoogleUtilities-AppDelegateSwizzler.modulemap -Xcc -fmodule-map-file\=/Users/yalun/Library/Developer/Xcode/DerivedData/Kage-cotcvhpcgffouaadkgczhxwmxdtk/Build/Intermediates.noindex/GeneratedModuleMaps-iphonesimulator/GoogleUtilities-MethodSwizzler.modulemap -Xcc -fmodule-map-file\=/Users/yalun/Library/Developer/Xcode/DerivedData/Kage-cotcvhpcgffouaadkgczhxwmxdtk/Build/Intermediates.noindex/GeneratedModuleMaps-iphonesimulator/GoogleUtilities-Reachability.modulemap -Xcc -fmodule-map-file\=/Users/yalun/Library/Developer/Xcode/DerivedData/Kage-cotcvhpcgffouaadkgczhxwmxdtk/Build/Intermediates.noindex/GeneratedModuleMaps-iphonesimulator/GoogleUtilities-Network.modulemap -Xcc -fmodule-map-file\=/Users/yalun/Library/Developer/Xcode/DerivedData/Kage-cotcvhpcgffouaadkgczhxwmxdtk/Build/Intermediates.noindex/GeneratedModuleMaps-iphonesimulator/nanopb.modulemap -Xcc -fmodule-map-file\=/Users/yalun/Library/Developer/Xcode/DerivedData/Kage-cotcvhpcgffouaadkgczhxwmxdtk/Build/Intermediates.noindex/GeneratedModuleMaps-iphonesimulator/FirebaseAnalyticsWrapper.modulemap -Xcc -fmodule-map-file\=/Users/yalun/Library/Developer/Xcode/DerivedData/Kage-cotcvhpcgffouaadkgczhxwmxdtk/Build/Intermediates.noindex/GeneratedModuleMaps-iphonesimulator/FirebaseInstallations.modulemap -Xcc -fmodule-map-file\=/Users/yalun/Library/Developer/Xcode/DerivedData/Kage-cotcvhpcgffouaadkgczhxwmxdtk/Build/Intermediates.noindex/GeneratedModuleMaps-iphonesimulator/FirebaseAnalyticsTarget.modulemap -Xcc -fmodule-map-file\=/Users/yalun/Library/Developer/Xcode/DerivedData/Kage-cotcvhpcgffouaadkgczhxwmxdtk/Build/Intermediates.noindex/GeneratedModuleMaps-iphonesimulator/GoogleUtilities-NSData.modulemap -Xcc -fmodule-map-file\=/Users/yalun/Library/Developer/Xcode/DerivedData/Kage-cotcvhpcgffouaadkgczhxwmxdtk/Build/Intermediates.noindex/GeneratedModuleMaps-iphonesimulator/GoogleUtilities-Environment.modulemap -Xcc -fmodule-map-file\=/Users/yalun/Library/Developer/Xcode/DerivedData/Kage-cotcvhpcgffouaadkgczhxwmxdtk/Build/Intermediates.noindex/GeneratedModuleMaps-iphonesimulator/third-party-IsAppEncrypted.modulemap -Xcc -fmodule-map-file\=/Users/yalun/Library/Developer/Xcode/DerivedData/Kage-cotcvhpcgffouaadkgczhxwmxdtk/Build/Intermediates.noindex/GeneratedModuleMaps-iphonesimulator/GoogleUtilities-Logger.modulemap -Xcc -fmodule-map-file\=/Users/yalun/Library/Developer/Xcode/DerivedData/Kage-cotcvhpcgffouaadkgczhxwmxdtk/Build/Intermediates.noindex/GeneratedModuleMaps-iphonesimulator/FirebaseCore.modulemap -enable-bare-slash-regex -enable-experimental-feature DebugDescriptionMacro -sdk /Applications/Xcode.app/Contents/Developer/Platforms/iPhoneSimulator.platform/Developer/SDKs/iPhoneSimulator26.1.sdk -target arm64-apple-ios15.0-simulator -g -module-cache-path /Users/yalun/Library/Developer/Xcode/DerivedData/ModuleCache.noindex -Xfrontend -serialize-debugging-options -profile-coverage-mapping -profile-generate -enable-testing -index-store-path /Users/yalun/Library/Developer/Xcode/DerivedData/Kage-cotcvhpcgffouaadkgczhxwmxdtk/Index.noindex/DataStore -Xcc -D_LIBCPP_HARDENING_MODE\=_LIBCPP_HARDENING_MODE_DEBUG -swift-version 5 -I /Users/yalun/Library/Developer/Xcode/DerivedData/Kage-cotcvhpcgffouaadkgczhxwmxdtk/Build/Products/Debug-iphonesimulator -F /Users/yalun/Library/Developer/Xcode/DerivedData/Kage-cotcvhpcgffouaadkgczhxwmxdtk/Build/Products/Debug-iphonesimulator/PackageFrameworks -F /Users/yalun/Library/Developer/Xcode/DerivedData/Kage-cotcvhpcgffouaadkgczhxwmxdtk/Build/Products/Debug-iphonesimulator/PackageFrameworks -F /Users/yalun/Library/Developer/Xcode/DerivedData/Kage-cotcvhpcgffouaadkgczhxwmxdtk/Build/Products/Debug-iphonesimulator/PackageFrameworks -F /Users/yalun/Library/Developer/Xcode/DerivedData/Kage-cotcvhpcgffouaadkgczhxwmxdtk/Build/Products/Debug-iphonesimulator/PackageFrameworks -F /Users/yalun/Library/Developer/Xcode/DerivedData/Kage-cotcvhpcgffouaadkgczhxwmxdtk/Build/Products/Debug-iphonesimulator/PackageFrameworks -F /Users/yalun/Library/Developer/Xcode/DerivedData/Kage-cotcvhpcgffouaadkgczhxwmxdtk/Build/Products/Debug-iphonesimulator/PackageFrameworks -F /Users/yalun/Library/Developer/Xcode/DerivedData/Kage-cotcvhpcgffouaadkgczhxwmxdtk/Build/Products/Debug-iphonesimulator/PackageFrameworks -F /Users/yalun/Library/Developer/Xcode/DerivedData/Kage-cotcvhpcgffouaadkgczhxwmxdtk/Build/Products/Debug-iphonesimulator/PackageFrameworks -F /Users/yalun/Library/Developer/Xcode/DerivedData/Kage-cotcvhpcgffouaadkgczhxwmxdtk/Build/Products/Debug-iphonesimulator/PackageFrameworks -F /Users/yalun/Library/Developer/Xcode/DerivedData/Kage-cotcvhpcgffouaadkgczhxwmxdtk/Build/Products/Debug-iphonesimulator/PackageFrameworks -F /Users/yalun/Library/Developer/Xcode/DerivedData/Kage-cotcvhpcgffouaadkgczhxwmxdtk/Build/Products/Debug-iphonesimulator/PackageFrameworks -F /Users/yalun/Library/Developer/Xcode/DerivedData/Kage-cotcvhpcgffouaadkgczhxwmxdtk/Build/Products/Debug-iphonesimulator/PackageFrameworks -F /Users/yalun/Library/Developer/Xcode/DerivedData/Kage-cotcvhpcgffouaadkgczhxwmxdtk/Build/Products/Debug-iphonesimulator/PackageFrameworks -F /Users/yalun/Library/Developer/Xcode/DerivedData/Kage-cotcvhpcgffouaadkgczhxwmxdtk/Build/Products/Debug-iphonesimulator/PackageFrameworks -F /Users/yalun/Library/Developer/Xcode/DerivedData/Kage-cotcvhpcgffouaadkgczhxwmxdtk/Build/Products/Debug-iphonesimulator/PackageFrameworks -F /Users/yalun/Library/Developer/Xcode/DerivedData/Kage-cotcvhpcgffouaadkgczhxwmxdtk/Build/Products/Debug-iphonesimulator/PackageFrameworks -F /Users/yalun/Library/Developer/Xcode/DerivedData/Kage-cotcvhpcgffouaadkgczhxwmxdtk/Build/Products/Debug-iphonesimulator/PackageFrameworks -F /Users/yalun/Library/Developer/Xcode/DerivedData/Kage-cotcvhpcgffouaadkgczhxwmxdtk/Build/Products/Debug-iphonesimulator/PackageFrameworks -F /Users/yalun/Library/Developer/Xcode/DerivedData/Kage-cotcvhpcgffouaadkgczhxwmxdtk/Build/Products/Debug-iphonesimulator/PackageFrameworks -F /Users/yalun/Library/Developer/Xcode/DerivedData/Kage-cotcvhpcgffouaadkgczhxwmxdtk/Build/Products/Debug-iphonesimulator/PackageFrameworks -F /Users/yalun/Library/Developer/Xcode/DerivedData/Kage-cotcvhpcgffouaadkgczhxwmxdtk/Build/Products/Debug-iphonesimulator/PackageFrameworks -F /Users/yalun/Library/Developer/Xcode/DerivedData/Kage-cotcvhpcgffouaadkgczhxwmxdtk/Build/Products/Debug-iphonesimulator/PackageFrameworks -F /Users/yalun/Library/Developer/Xcode/DerivedData/Kage-cotcvhpcgffouaadkgczhxwmxdtk/Build/Products/Debug-iphonesimulator/PackageFrameworks -F /Users/yalun/Library/Developer/Xcode/DerivedData/Kage-cotcvhpcgffouaadkgczhxwmxdtk/Build/Products/Debug-iphonesimulator/PackageFrameworks -F /Users/yalun/Library/Developer/Xcode/DerivedData/Kage-cotcvhpcgffouaadkgczhxwmxdtk/Build/Products/Debug-iphonesimulator -emit-localized-strings -emit-localized-strings-path /Users/yalun/Library/Developer/Xcode/DerivedData/Kage-cotcvhpcgffouaadkgczhxwmxdtk/Build/Intermediates.noindex/Kage.build/Debug-iphonesimulator/Kage.build/Objects-normal/arm64 -c -j10 -enable-batch-mode -incremental -Xcc -ivfsstatcache -Xcc /Users/yalun/Library/Developer/Xcode/DerivedData/SDKStatCaches.noindex/iphonesimulator26.1-23B77-90cf18a4295e390e64c810bc6bd7acbc.sdkstatcache -output-file-map /Users/yalun/Library/Developer/Xcode/DerivedData/Kage-cotcvhpcgffouaadkgczhxwmxdtk/Build/Intermediates.noindex/Kage.build/Debug-iphonesimulator/Kage.build/Objects-normal/arm64/Kage-OutputFileMap.json -use-frontend-parseable-output -save-temps -no-color-diagnostics -explicit-module-build -module-cache-path /Users/yalun/Library/Developer/Xcode/DerivedData/Kage-cotcvhpcgffouaadkgczhxwmxdtk/Build/Intermediates.noindex/SwiftExplicitPrecompiledModules -clang-scanner-module-cache-path /Users/yalun/Library/Developer/Xcode/DerivedData/ModuleCache.noindex -sdk-module-cache-path /Users/yalun/Library/Developer/Xcode/DerivedData/ModuleCache.noindex -serialize-diagnostics -emit-dependencies -emit-module -emit-module-path /Users/yalun/Library/Developer/Xcode/DerivedData/Kage-cotcvhpcgffouaadkgczhxwmxdtk/Build/Intermediates.noindex/Kage.build/Debug-iphonesimulator/Kage.build/Objects-normal/arm64/Kage.swiftmodule -validate-clang-modules-once -clang-build-session-file /Users/yalun/Library/Developer/Xcode/DerivedData/ModuleCache.noindex/Session.modulevalidation -Xcc -I/Users/yalun/Library/Developer/Xcode/DerivedData/Kage-cotcvhpcgffouaadkgczhxwmxdtk/Build/Intermediates.noindex/Kage.build/Debug-iphonesimulator/Kage.build/swift-overrides.hmap -emit-const-values -Xfrontend -const-gather-protocols-file -Xfrontend /Users/yalun/Library/Developer/Xcode/DerivedData/Kage-cotcvhpcgffouaadkgczhxwmxdtk/Build/Intermediates.noindex/Kage.build/Debug-iphonesimulator/Kage.build/Objects-normal/arm64/Kage_const_extract_protocols.json -Xcc -iquote -Xcc /Users/yalun/Library/Developer/Xcode/DerivedData/Kage-cotcvhpcgffouaadkgczhxwmxdtk/Build/Intermediates.noindex/Kage.build/Debug-iphonesimulator/Kage.build/Kage-generated-files.hmap -Xcc -I/Users/yalun/Library/Developer/Xcode/DerivedData/Kage-cotcvhpcgffouaadkgczhxwmxdtk/Build/Intermediates.noindex/Kage.build/Debug-iphonesimulator/Kage.build/Kage-own-target-headers.hmap -Xcc -I/Users/yalun/Library/Developer/Xcode/DerivedData/Kage-cotcvhpcgffouaadkgczhxwmxdtk/Build/Intermediates.noindex/Kage.build/Debug-iphonesimulator/Kage.build/Kage-all-non-framework-target-headers.hmap -Xcc -ivfsoverlay -Xcc /Users/yalun/Library/Developer/Xcode/DerivedData/Kage-cotcvhpcgffouaadkgczhxwmxdtk/Build/Intermediates.noindex/Kage.build/Debug-iphonesimulator/Kage-0a96bd0ce2151e36f8d477ace65d701f-VFS-iphonesimulator/all-product-headers.yaml -Xcc -iquote -Xcc /Users/yalun/Library/Developer/Xcode/DerivedData/Kage-cotcvhpcgffouaadkgczhxwmxdtk/Build/Intermediates.noindex/Kage.build/Debug-iphonesimulator/Kage.build/Kage-project-headers.hmap -Xcc -I/Users/yalun/Library/Developer/Xcode/DerivedData/Kage-cotcvhpcgffouaadkgczhxwmxdtk/SourcePackages/checkouts/swift-package-manager-google-user-messaging-platform/UserMessagingPlatformTarget/include -Xcc -I/Users/yalun/Library/Developer/Xcode/DerivedData/Kage-cotcvhpcgffouaadkgczhxwmxdtk/SourcePackages/checkouts/promises/Sources/FBLPromises/include -Xcc -I/Users/yalun/Library/Developer/Xcode/DerivedData/Kage-cotcvhpcgffouaadkgczhxwmxdtk/SourcePackages/checkouts/GoogleUtilities/GoogleUtilities/UserDefaults/Public -Xcc -I/Users/yalun/Library/Developer/Xcode/DerivedData/Kage-cotcvhpcgffouaadkgczhxwmxdtk/SourcePackages/checkouts/google-ads-on-device-conversion-ios-sdk/GoogleAdsOnDeviceConversionWrapper/include -Xcc -I/Users/yalun/Library/Developer/Xcode/DerivedData/Kage-cotcvhpcgffouaadkgczhxwmxdtk/SourcePackages/checkouts/GoogleAppMeasurement/GoogleAppMeasurementWrapper/include -Xcc -I/Users/yalun/Library/Developer/Xcode/DerivedData/Kage-cotcvhpcgffouaadkgczhxwmxdtk/SourcePackages/checkouts/GoogleUtilities/GoogleUtilities/AppDelegateSwizzler/Public -Xcc -I/Users/yalun/Library/Developer/Xcode/DerivedData/Kage-cotcvhpcgffouaadkgczhxwmxdtk/SourcePackages/checkouts/GoogleUtilities/GoogleUtilities/MethodSwizzler/Public -Xcc -I/Users/yalun/Library/Developer/Xcode/DerivedData/Kage-cotcvhpcgffouaadkgczhxwmxdtk/SourcePackages/checkouts/GoogleUtilities/GoogleUtilities/Reachability/Public -Xcc -I/Users/yalun/Library/Developer/Xcode/DerivedData/Kage-cotcvhpcgffouaadkgczhxwmxdtk/SourcePackages/checkouts/GoogleUtilities/GoogleUtilities/Network/Public -Xcc -I/Users/yalun/Library/Developer/Xcode/DerivedData/Kage-cotcvhpcgffouaadkgczhxwmxdtk/SourcePackages/checkouts/nanopb/spm_headers -Xcc -I/Users/yalun/Library/Developer/Xcode/DerivedData/Kage-cotcvhpcgffouaadkgczhxwmxdtk/SourcePackages/checkouts/firebase-ios-sdk/FirebaseAnalyticsWrapper/include -Xcc -I/Users/yalun/Library/Developer/Xcode/DerivedData/Kage-cotcvhpcgffouaadkgczhxwmxdtk/SourcePackages/checkouts/firebase-ios-sdk/FirebaseInstallations/Source/Library/Public -Xcc -I/Users/yalun/Library/Developer/Xcode/DerivedData/Kage-cotcvhpcgffouaadkgczhxwmxdtk/SourcePackages/checkouts/firebase-ios-sdk/SwiftPM-PlatformExclude/FirebaseAnalyticsWrap/include -Xcc -I/Users/yalun/Library/Developer/Xcode/DerivedData/Kage-cotcvhpcgffouaadkgczhxwmxdtk/SourcePackages/checkouts/GoogleUtilities/GoogleUtilities/NSData+zlib/Public -Xcc -I/Users/yalun/Library/Developer/Xcode/DerivedData/Kage-cotcvhpcgffouaadkgczhxwmxdtk/SourcePackages/checkouts/GoogleUtilities/GoogleUtilities/Environment/Public -Xcc -I/Users/yalun/Library/Developer/Xcode/DerivedData/Kage-cotcvhpcgffouaadkgczhxwmxdtk/SourcePackages/checkouts/GoogleUtilities/third_party/IsAppEncrypted/Public -Xcc -I/Users/yalun/Library/Developer/Xcode/DerivedData/Kage-cotcvhpcgffouaadkgczhxwmxdtk/SourcePackages/checkouts/GoogleUtilities/GoogleUtilities/Logger/Public -Xcc -I/Users/yalun/Library/Developer/Xcode/DerivedData/Kage-cotcvhpcgffouaadkgczhxwmxdtk/SourcePackages/checkouts/firebase-ios-sdk/CoreOnly/Sources -Xcc -I/Users/yalun/Library/Developer/Xcode/DerivedData/Kage-cotcvhpcgffouaadkgczhxwmxdtk/SourcePackages/checkouts/firebase-ios-sdk/FirebaseCore/Sources/Public -Xcc -I/Users/yalun/Library/Developer/Xcode/DerivedData/Kage-cotcvhpcgffouaadkgczhxwmxdtk/Build/Products/Debug-iphonesimulator/include -Xcc -I/Users/yalun/Library/Developer/Xcode/DerivedData/Kage-cotcvhpcgffouaadkgczhxwmxdtk/Build/Intermediates.noindex/Kage.build/Debug-iphonesimulator/Kage.build/DerivedSources-normal/arm64 -Xcc -I/Users/yalun/Library/Developer/Xcode/DerivedData/Kage-cotcvhpcgffouaadkgczhxwmxdtk/Build/Intermediates.noindex/Kage.build/Debug-iphonesimulator/Kage.build/DerivedSources/arm64 -Xcc -I/Users/yalun/Library/Developer/Xcode/DerivedData/Kage-cotcvhpcgffouaadkgczhxwmxdtk/Build/Intermediates.noindex/Kage.build/Debug-iphonesimulator/Kage.build/DerivedSources -Xcc -DDEBUG\=1 -emit-objc-header -emit-objc-header-path /Users/yalun/Library/Developer/Xcode/DerivedData/Kage-cotcvhpcgffouaadkgczhxwmxdtk/Build/Intermediates.noindex/Kage.build/Debug-iphonesimulator/Kage.build/Objects-normal/arm64/Kage-Swift.h -working-directory /Users/yalun/Documents/projects/xcode/CleanSwipe -experimental-emit-module-separately -disable-cmo

CompileXCStrings /Users/yalun/Library/Developer/Xcode/DerivedData/Kage-cotcvhpcgffouaadkgczhxwmxdtk/Build/Intermediates.noindex/Kage.build/Debug-iphonesimulator/Kage.build/ /Users/yalun/Documents/projects/xcode/CleanSwipe/Kage/Localizable.xcstrings (in target 'Kage' from project 'Kage')
    cd /Users/yalun/Documents/projects/xcode/CleanSwipe
    /Applications/Xcode.app/Contents/Developer/usr/bin/xcstringstool compile --output-directory /Users/yalun/Library/Developer/Xcode/DerivedData/Kage-cotcvhpcgffouaadkgczhxwmxdtk/Build/Intermediates.noindex/Kage.build/Debug-iphonesimulator/Kage.build /Users/yalun/Documents/projects/xcode/CleanSwipe/Kage/Localizable.xcstrings

ProcessInfoPlistFile /Users/yalun/Library/Developer/Xcode/DerivedData/Kage-cotcvhpcgffouaadkgczhxwmxdtk/Build/Products/Debug-iphonesimulator/Kage.app/Info.plist /Users/yalun/Documents/projects/xcode/CleanSwipe/Kage/Info.plist (in target 'Kage' from project 'Kage')
    cd /Users/yalun/Documents/projects/xcode/CleanSwipe
    builtin-infoPlistUtility /Users/yalun/Documents/projects/xcode/CleanSwipe/Kage/Info.plist -producttype com.apple.product-type.application -genpkginfo /Users/yalun/Library/Developer/Xcode/DerivedData/Kage-cotcvhpcgffouaadkgczhxwmxdtk/Build/Products/Debug-iphonesimulator/Kage.app/PkgInfo -expandbuildsettings -format binary -platform iphonesimulator -additionalcontentfile /Users/yalun/Library/Developer/Xcode/DerivedData/Kage-cotcvhpcgffouaadkgczhxwmxdtk/Build/Intermediates.noindex/Kage.build/Debug-iphonesimulator/Kage.build/assetcatalog_generated_info.plist -scanforprivacyfile /Users/yalun/Library/Developer/Xcode/DerivedData/Kage-cotcvhpcgffouaadkgczhxwmxdtk/Build/Products/Debug-iphonesimulator/Kage.app/Firebase_FirebaseCore.bundle -scanforprivacyfile /Users/yalun/Library/Developer/Xcode/DerivedData/Kage-cotcvhpcgffouaadkgczhxwmxdtk/Build/Products/Debug-iphonesimulator/Kage.app/Firebase_FirebaseCoreInternal.bundle -scanforprivacyfile /Users/yalun/Library/Developer/Xcode/DerivedData/Kage-cotcvhpcgffouaadkgczhxwmxdtk/Build/Products/Debug-iphonesimulator/Kage.app/Firebase_FirebaseInstallations.bundle -scanforprivacyfile /Users/yalun/Library/Developer/Xcode/DerivedData/Kage-cotcvhpcgffouaadkgczhxwmxdtk/Build/Products/Debug-iphonesimulator/Kage.app/Frameworks/FirebaseAnalytics.framework -scanforprivacyfile /Users/yalun/Library/Developer/Xcode/DerivedData/Kage-cotcvhpcgffouaadkgczhxwmxdtk/Build/Products/Debug-iphonesimulator/Kage.app/Frameworks/GoogleAdsOnDeviceConversion.framework -scanforprivacyfile /Users/yalun/Library/Developer/Xcode/DerivedData/Kage-cotcvhpcgffouaadkgczhxwmxdtk/Build/Products/Debug-iphonesimulator/Kage.app/Frameworks/GoogleAppMeasurement.framework -scanforprivacyfile /Users/yalun/Library/Developer/Xcode/DerivedData/Kage-cotcvhpcgffouaadkgczhxwmxdtk/Build/Products/Debug-iphonesimulator/Kage.app/Frameworks/GoogleAppMeasurementIdentitySupport.framework -scanforprivacyfile /Users/yalun/Library/Developer/Xcode/DerivedData/Kage-cotcvhpcgffouaadkgczhxwmxdtk/Build/Products/Debug-iphonesimulator/Kage.app/Frameworks/GoogleMobileAds.framework -scanforprivacyfile /Users/yalun/Library/Developer/Xcode/DerivedData/Kage-cotcvhpcgffouaadkgczhxwmxdtk/Build/Products/Debug-iphonesimulator/Kage.app/Frameworks/UserMessagingPlatform.framework -scanforprivacyfile /Users/yalun/Library/Developer/Xcode/DerivedData/Kage-cotcvhpcgffouaadkgczhxwmxdtk/Build/Products/Debug-iphonesimulator/Kage.app/GoogleUtilities_GoogleUtilities-AppDelegateSwizzler.bundle -scanforprivacyfile /Users/yalun/Library/Developer/Xcode/DerivedData/Kage-cotcvhpcgffouaadkgczhxwmxdtk/Build/Products/Debug-iphonesimulator/Kage.app/GoogleUtilities_GoogleUtilities-Environment.bundle -scanforprivacyfile /Users/yalun/Library/Developer/Xcode/DerivedData/Kage-cotcvhpcgffouaadkgczhxwmxdtk/Build/Products/Debug-iphonesimulator/Kage.app/GoogleUtilities_GoogleUtilities-Logger.bundle -scanforprivacyfile /Users/yalun/Library/Developer/Xcode/DerivedData/Kage-cotcvhpcgffouaadkgczhxwmxdtk/Build/Products/Debug-iphonesimulator/Kage.app/GoogleUtilities_GoogleUtilities-MethodSwizzler.bundle -scanforprivacyfile /Users/yalun/Library/Developer/Xcode/DerivedData/Kage-cotcvhpcgffouaadkgczhxwmxdtk/Build/Products/Debug-iphonesimulator/Kage.app/GoogleUtilities_GoogleUtilities-NSData.bundle -scanforprivacyfile /Users/yalun/Library/Developer/Xcode/DerivedData/Kage-cotcvhpcgffouaadkgczhxwmxdtk/Build/Products/Debug-iphonesimulator/Kage.app/GoogleUtilities_GoogleUtilities-Network.bundle -scanforprivacyfile /Users/yalun/Library/Developer/Xcode/DerivedData/Kage-cotcvhpcgffouaadkgczhxwmxdtk/Build/Products/Debug-iphonesimulator/Kage.app/GoogleUtilities_GoogleUtilities-Reachability.bundle -scanforprivacyfile /Users/yalun/Library/Developer/Xcode/DerivedData/Kage-cotcvhpcgffouaadkgczhxwmxdtk/Build/Products/Debug-iphonesimulator/Kage.app/GoogleUtilities_GoogleUtilities-UserDefaults.bundle -scanforprivacyfile /Users/yalun/Library/Developer/Xcode/DerivedData/Kage-cotcvhpcgffouaadkgczhxwmxdtk/Build/Products/Debug-iphonesimulator/Kage.app/Promises_FBLPromises.bundle -scanforprivacyfile /Users/yalun/Library/Developer/Xcode/DerivedData/Kage-cotcvhpcgffouaadkgczhxwmxdtk/Build/Products/Debug-iphonesimulator/Kage.app/RevenueCat_RevenueCat.bundle -scanforprivacyfile /Users/yalun/Library/Developer/Xcode/DerivedData/Kage-cotcvhpcgffouaadkgczhxwmxdtk/Build/Products/Debug-iphonesimulator/Kage.app/RevenueCat_RevenueCatUI.bundle -scanforprivacyfile /Users/yalun/Library/Developer/Xcode/DerivedData/Kage-cotcvhpcgffouaadkgczhxwmxdtk/Build/Products/Debug-iphonesimulator/Kage.app/nanopb_nanopb.bundle -o /Users/yalun/Library/Developer/Xcode/DerivedData/Kage-cotcvhpcgffouaadkgczhxwmxdtk/Build/Products/Debug-iphonesimulator/Kage.app/Info.plist

CopyStringsFile /Users/yalun/Library/Developer/Xcode/DerivedData/Kage-cotcvhpcgffouaadkgczhxwmxdtk/Build/Products/Debug-iphonesimulator/Kage.app/zh-Hant.lproj/Localizable.strings /Users/yalun/Library/Developer/Xcode/DerivedData/Kage-cotcvhpcgffouaadkgczhxwmxdtk/Build/Intermediates.noindex/Kage.build/Debug-iphonesimulator/Kage.build/zh-Hant.lproj/Localizable.strings (in target 'Kage' from project 'Kage')
    cd /Users/yalun/Documents/projects/xcode/CleanSwipe
    builtin-copyStrings --validate --outputencoding binary --outfilename Localizable.strings --outdir /Users/yalun/Library/Developer/Xcode/DerivedData/Kage-cotcvhpcgffouaadkgczhxwmxdtk/Build/Products/Debug-iphonesimulator/Kage.app/zh-Hant.lproj -- /Users/yalun/Library/Developer/Xcode/DerivedData/Kage-cotcvhpcgffouaadkgczhxwmxdtk/Build/Intermediates.noindex/Kage.build/Debug-iphonesimulator/Kage.build/zh-Hant.lproj/Localizable.strings
/Users/yalun/Library/Developer/Xcode/DerivedData/Kage-cotcvhpcgffouaadkgczhxwmxdtk/Build/Intermediates.noindex/Kage.build/Debug-iphonesimulator/Kage.build/zh-Hant.lproj/Localizable.strings:1:1: note: detected encoding of input file as Unicode (UTF-8) (in target 'Kage' from project 'Kage')

CopyStringsFile /Users/yalun/Library/Developer/Xcode/DerivedData/Kage-cotcvhpcgffouaadkgczhxwmxdtk/Build/Products/Debug-iphonesimulator/Kage.app/pl.lproj/Localizable.strings /Users/yalun/Library/Developer/Xcode/DerivedData/Kage-cotcvhpcgffouaadkgczhxwmxdtk/Build/Intermediates.noindex/Kage.build/Debug-iphonesimulator/Kage.build/pl.lproj/Localizable.strings (in target 'Kage' from project 'Kage')
    cd /Users/yalun/Documents/projects/xcode/CleanSwipe
    builtin-copyStrings --validate --outputencoding binary --outfilename Localizable.strings --outdir /Users/yalun/Library/Developer/Xcode/DerivedData/Kage-cotcvhpcgffouaadkgczhxwmxdtk/Build/Products/Debug-iphonesimulator/Kage.app/pl.lproj -- /Users/yalun/Library/Developer/Xcode/DerivedData/Kage-cotcvhpcgffouaadkgczhxwmxdtk/Build/Intermediates.noindex/Kage.build/Debug-iphonesimulator/Kage.build/pl.lproj/Localizable.strings
/Users/yalun/Library/Developer/Xcode/DerivedData/Kage-cotcvhpcgffouaadkgczhxwmxdtk/Build/Intermediates.noindex/Kage.build/Debug-iphonesimulator/Kage.build/pl.lproj/Localizable.strings:1:1: note: detected encoding of input file as Unicode (UTF-8) (in target 'Kage' from project 'Kage')

CopyStringsFile /Users/yalun/Library/Developer/Xcode/DerivedData/Kage-cotcvhpcgffouaadkgczhxwmxdtk/Build/Products/Debug-iphonesimulator/Kage.app/ko.lproj/Localizable.strings /Users/yalun/Library/Developer/Xcode/DerivedData/Kage-cotcvhpcgffouaadkgczhxwmxdtk/Build/Intermediates.noindex/Kage.build/Debug-iphonesimulator/Kage.build/ko.lproj/Localizable.strings (in target 'Kage' from project 'Kage')
    cd /Users/yalun/Documents/projects/xcode/CleanSwipe
    builtin-copyStrings --validate --outputencoding binary --outfilename Localizable.strings --outdir /Users/yalun/Library/Developer/Xcode/DerivedData/Kage-cotcvhpcgffouaadkgczhxwmxdtk/Build/Products/Debug-iphonesimulator/Kage.app/ko.lproj -- /Users/yalun/Library/Developer/Xcode/DerivedData/Kage-cotcvhpcgffouaadkgczhxwmxdtk/Build/Intermediates.noindex/Kage.build/Debug-iphonesimulator/Kage.build/ko.lproj/Localizable.strings
/Users/yalun/Library/Developer/Xcode/DerivedData/Kage-cotcvhpcgffouaadkgczhxwmxdtk/Build/Intermediates.noindex/Kage.build/Debug-iphonesimulator/Kage.build/ko.lproj/Localizable.strings:1:1: note: detected encoding of input file as Unicode (UTF-8) (in target 'Kage' from project 'Kage')

CopyStringsFile /Users/yalun/Library/Developer/Xcode/DerivedData/Kage-cotcvhpcgffouaadkgczhxwmxdtk/Build/Products/Debug-iphonesimulator/Kage.app/ar.lproj/Localizable.strings /Users/yalun/Library/Developer/Xcode/DerivedData/Kage-cotcvhpcgffouaadkgczhxwmxdtk/Build/Intermediates.noindex/Kage.build/Debug-iphonesimulator/Kage.build/ar.lproj/Localizable.strings (in target 'Kage' from project 'Kage')
    cd /Users/yalun/Documents/projects/xcode/CleanSwipe
    builtin-copyStrings --validate --outputencoding binary --outfilename Localizable.strings --outdir /Users/yalun/Library/Developer/Xcode/DerivedData/Kage-cotcvhpcgffouaadkgczhxwmxdtk/Build/Products/Debug-iphonesimulator/Kage.app/ar.lproj -- /Users/yalun/Library/Developer/Xcode/DerivedData/Kage-cotcvhpcgffouaadkgczhxwmxdtk/Build/Intermediates.noindex/Kage.build/Debug-iphonesimulator/Kage.build/ar.lproj/Localizable.strings
/Users/yalun/Library/Developer/Xcode/DerivedData/Kage-cotcvhpcgffouaadkgczhxwmxdtk/Build/Intermediates.noindex/Kage.build/Debug-iphonesimulator/Kage.build/ar.lproj/Localizable.strings:1:1: note: detected encoding of input file as Unicode (UTF-8) (in target 'Kage' from project 'Kage')

CopyStringsFile /Users/yalun/Library/Developer/Xcode/DerivedData/Kage-cotcvhpcgffouaadkgczhxwmxdtk/Build/Products/Debug-iphonesimulator/Kage.app/it.lproj/Localizable.strings /Users/yalun/Library/Developer/Xcode/DerivedData/Kage-cotcvhpcgffouaadkgczhxwmxdtk/Build/Intermediates.noindex/Kage.build/Debug-iphonesimulator/Kage.build/it.lproj/Localizable.strings (in target 'Kage' from project 'Kage')
    cd /Users/yalun/Documents/projects/xcode/CleanSwipe
    builtin-copyStrings --validate --outputencoding binary --outfilename Localizable.strings --outdir /Users/yalun/Library/Developer/Xcode/DerivedData/Kage-cotcvhpcgffouaadkgczhxwmxdtk/Build/Products/Debug-iphonesimulator/Kage.app/it.lproj -- /Users/yalun/Library/Developer/Xcode/DerivedData/Kage-cotcvhpcgffouaadkgczhxwmxdtk/Build/Intermediates.noindex/Kage.build/Debug-iphonesimulator/Kage.build/it.lproj/Localizable.strings
/Users/yalun/Library/Developer/Xcode/DerivedData/Kage-cotcvhpcgffouaadkgczhxwmxdtk/Build/Intermediates.noindex/Kage.build/Debug-iphonesimulator/Kage.build/it.lproj/Localizable.strings:1:1: note: detected encoding of input file as Unicode (UTF-8) (in target 'Kage' from project 'Kage')

CopyStringsFile /Users/yalun/Library/Developer/Xcode/DerivedData/Kage-cotcvhpcgffouaadkgczhxwmxdtk/Build/Products/Debug-iphonesimulator/Kage.app/pt-BR.lproj/Localizable.strings /Users/yalun/Library/Developer/Xcode/DerivedData/Kage-cotcvhpcgffouaadkgczhxwmxdtk/Build/Intermediates.noindex/Kage.build/Debug-iphonesimulator/Kage.build/pt-BR.lproj/Localizable.strings (in target 'Kage' from project 'Kage')
    cd /Users/yalun/Documents/projects/xcode/CleanSwipe
    builtin-copyStrings --validate --outputencoding binary --outfilename Localizable.strings --outdir /Users/yalun/Library/Developer/Xcode/DerivedData/Kage-cotcvhpcgffouaadkgczhxwmxdtk/Build/Products/Debug-iphonesimulator/Kage.app/pt-BR.lproj -- /Users/yalun/Library/Developer/Xcode/DerivedData/Kage-cotcvhpcgffouaadkgczhxwmxdtk/Build/Intermediates.noindex/Kage.build/Debug-iphonesimulator/Kage.build/pt-BR.lproj/Localizable.strings
/Users/yalun/Library/Developer/Xcode/DerivedData/Kage-cotcvhpcgffouaadkgczhxwmxdtk/Build/Intermediates.noindex/Kage.build/Debug-iphonesimulator/Kage.build/pt-BR.lproj/Localizable.strings:1:1: note: detected encoding of input file as Unicode (UTF-8) (in target 'Kage' from project 'Kage')

CopyStringsFile /Users/yalun/Library/Developer/Xcode/DerivedData/Kage-cotcvhpcgffouaadkgczhxwmxdtk/Build/Products/Debug-iphonesimulator/Kage.app/zh-Hans.lproj/Localizable.strings /Users/yalun/Library/Developer/Xcode/DerivedData/Kage-cotcvhpcgffouaadkgczhxwmxdtk/Build/Intermediates.noindex/Kage.build/Debug-iphonesimulator/Kage.build/zh-Hans.lproj/Localizable.strings (in target 'Kage' from project 'Kage')
    cd /Users/yalun/Documents/projects/xcode/CleanSwipe
    builtin-copyStrings --validate --outputencoding binary --outfilename Localizable.strings --outdir /Users/yalun/Library/Developer/Xcode/DerivedData/Kage-cotcvhpcgffouaadkgczhxwmxdtk/Build/Products/Debug-iphonesimulator/Kage.app/zh-Hans.lproj -- /Users/yalun/Library/Developer/Xcode/DerivedData/Kage-cotcvhpcgffouaadkgczhxwmxdtk/Build/Intermediates.noindex/Kage.build/Debug-iphonesimulator/Kage.build/zh-Hans.lproj/Localizable.strings
/Users/yalun/Library/Developer/Xcode/DerivedData/Kage-cotcvhpcgffouaadkgczhxwmxdtk/Build/Intermediates.noindex/Kage.build/Debug-iphonesimulator/Kage.build/zh-Hans.lproj/Localizable.strings:1:1: note: detected encoding of input file as Unicode (UTF-8) (in target 'Kage' from project 'Kage')

CopyStringsFile /Users/yalun/Library/Developer/Xcode/DerivedData/Kage-cotcvhpcgffouaadkgczhxwmxdtk/Build/Products/Debug-iphonesimulator/Kage.app/fr.lproj/Localizable.strings /Users/yalun/Library/Developer/Xcode/DerivedData/Kage-cotcvhpcgffouaadkgczhxwmxdtk/Build/Intermediates.noindex/Kage.build/Debug-iphonesimulator/Kage.build/fr.lproj/Localizable.strings (in target 'Kage' from project 'Kage')
    cd /Users/yalun/Documents/projects/xcode/CleanSwipe
    builtin-copyStrings --validate --outputencoding binary --outfilename Localizable.strings --outdir /Users/yalun/Library/Developer/Xcode/DerivedData/Kage-cotcvhpcgffouaadkgczhxwmxdtk/Build/Products/Debug-iphonesimulator/Kage.app/fr.lproj -- /Users/yalun/Library/Developer/Xcode/DerivedData/Kage-cotcvhpcgffouaadkgczhxwmxdtk/Build/Intermediates.noindex/Kage.build/Debug-iphonesimulator/Kage.build/fr.lproj/Localizable.strings
/Users/yalun/Library/Developer/Xcode/DerivedData/Kage-cotcvhpcgffouaadkgczhxwmxdtk/Build/Intermediates.noindex/Kage.build/Debug-iphonesimulator/Kage.build/fr.lproj/Localizable.strings:1:1: note: detected encoding of input file as Unicode (UTF-8) (in target 'Kage' from project 'Kage')

CopyStringsFile /Users/yalun/Library/Developer/Xcode/DerivedData/Kage-cotcvhpcgffouaadkgczhxwmxdtk/Build/Products/Debug-iphonesimulator/Kage.app/es-MX.lproj/Localizable.strings /Users/yalun/Library/Developer/Xcode/DerivedData/Kage-cotcvhpcgffouaadkgczhxwmxdtk/Build/Intermediates.noindex/Kage.build/Debug-iphonesimulator/Kage.build/es-MX.lproj/Localizable.strings (in target 'Kage' from project 'Kage')
    cd /Users/yalun/Documents/projects/xcode/CleanSwipe
    builtin-copyStrings --validate --outputencoding binary --outfilename Localizable.strings --outdir /Users/yalun/Library/Developer/Xcode/DerivedData/Kage-cotcvhpcgffouaadkgczhxwmxdtk/Build/Products/Debug-iphonesimulator/Kage.app/es-MX.lproj -- /Users/yalun/Library/Developer/Xcode/DerivedData/Kage-cotcvhpcgffouaadkgczhxwmxdtk/Build/Intermediates.noindex/Kage.build/Debug-iphonesimulator/Kage.build/es-MX.lproj/Localizable.strings
/Users/yalun/Library/Developer/Xcode/DerivedData/Kage-cotcvhpcgffouaadkgczhxwmxdtk/Build/Intermediates.noindex/Kage.build/Debug-iphonesimulator/Kage.build/es-MX.lproj/Localizable.strings:1:1: note: detected encoding of input file as Unicode (UTF-8) (in target 'Kage' from project 'Kage')

CopyStringsFile /Users/yalun/Library/Developer/Xcode/DerivedData/Kage-cotcvhpcgffouaadkgczhxwmxdtk/Build/Products/Debug-iphonesimulator/Kage.app/vi.lproj/Localizable.strings /Users/yalun/Library/Developer/Xcode/DerivedData/Kage-cotcvhpcgffouaadkgczhxwmxdtk/Build/Intermediates.noindex/Kage.build/Debug-iphonesimulator/Kage.build/vi.lproj/Localizable.strings (in target 'Kage' from project 'Kage')
    cd /Users/yalun/Documents/projects/xcode/CleanSwipe
    builtin-copyStrings --validate --outputencoding binary --outfilename Localizable.strings --outdir /Users/yalun/Library/Developer/Xcode/DerivedData/Kage-cotcvhpcgffouaadkgczhxwmxdtk/Build/Products/Debug-iphonesimulator/Kage.app/vi.lproj -- /Users/yalun/Library/Developer/Xcode/DerivedData/Kage-cotcvhpcgffouaadkgczhxwmxdtk/Build/Intermediates.noindex/Kage.build/Debug-iphonesimulator/Kage.build/vi.lproj/Localizable.strings
/Users/yalun/Library/Developer/Xcode/DerivedData/Kage-cotcvhpcgffouaadkgczhxwmxdtk/Build/Intermediates.noindex/Kage.build/Debug-iphonesimulator/Kage.build/vi.lproj/Localizable.strings:1:1: note: detected encoding of input file as Unicode (UTF-8) (in target 'Kage' from project 'Kage')

CopyStringsFile /Users/yalun/Library/Developer/Xcode/DerivedData/Kage-cotcvhpcgffouaadkgczhxwmxdtk/Build/Products/Debug-iphonesimulator/Kage.app/ru.lproj/Localizable.strings /Users/yalun/Library/Developer/Xcode/DerivedData/Kage-cotcvhpcgffouaadkgczhxwmxdtk/Build/Intermediates.noindex/Kage.build/Debug-iphonesimulator/Kage.build/ru.lproj/Localizable.strings (in target 'Kage' from project 'Kage')
    cd /Users/yalun/Documents/projects/xcode/CleanSwipe
    builtin-copyStrings --validate --outputencoding binary --outfilename Localizable.strings --outdir /Users/yalun/Library/Developer/Xcode/DerivedData/Kage-cotcvhpcgffouaadkgczhxwmxdtk/Build/Products/Debug-iphonesimulator/Kage.app/ru.lproj -- /Users/yalun/Library/Developer/Xcode/DerivedData/Kage-cotcvhpcgffouaadkgczhxwmxdtk/Build/Intermediates.noindex/Kage.build/Debug-iphonesimulator/Kage.build/ru.lproj/Localizable.strings
/Users/yalun/Library/Developer/Xcode/DerivedData/Kage-cotcvhpcgffouaadkgczhxwmxdtk/Build/Intermediates.noindex/Kage.build/Debug-iphonesimulator/Kage.build/ru.lproj/Localizable.strings:1:1: note: detected encoding of input file as Unicode (UTF-8) (in target 'Kage' from project 'Kage')

SwiftCompile normal arm64 Compiling\ StreakAnalyticsView.swift,\ AnalyticsManager.swift,\ ConsentManager.swift /Users/yalun/Documents/projects/xcode/CleanSwipe/Kage/Components/StreakAnalyticsView.swift /Users/yalun/Documents/projects/xcode/CleanSwipe/Kage/Managers/AnalyticsManager.swift /Users/yalun/Documents/projects/xcode/CleanSwipe/Kage/Managers/ConsentManager.swift (in target 'Kage' from project 'Kage')

SwiftCompile normal arm64 /Users/yalun/Documents/projects/xcode/CleanSwipe/Kage/Components/StreakAnalyticsView.swift (in target 'Kage' from project 'Kage')
    cd /Users/yalun/Documents/projects/xcode/CleanSwipe
    

SwiftCompile normal arm64 /Users/yalun/Documents/projects/xcode/CleanSwipe/Kage/Managers/AnalyticsManager.swift (in target 'Kage' from project 'Kage')
    cd /Users/yalun/Documents/projects/xcode/CleanSwipe
    

SwiftCompile normal arm64 /Users/yalun/Documents/projects/xcode/CleanSwipe/Kage/Managers/ConsentManager.swift (in target 'Kage' from project 'Kage')
    cd /Users/yalun/Documents/projects/xcode/CleanSwipe
    

SwiftCompile normal arm64 Compiling\ NetworkMonitor.swift,\ NotificationManager.swift /Users/yalun/Documents/projects/xcode/CleanSwipe/Kage/Managers/NetworkMonitor.swift /Users/yalun/Documents/projects/xcode/CleanSwipe/Kage/Managers/NotificationManager.swift (in target 'Kage' from project 'Kage')

SwiftCompile normal arm64 /Users/yalun/Documents/projects/xcode/CleanSwipe/Kage/Managers/NetworkMonitor.swift (in target 'Kage' from project 'Kage')
    cd /Users/yalun/Documents/projects/xcode/CleanSwipe
    

SwiftCompile normal arm64 /Users/yalun/Documents/projects/xcode/CleanSwipe/Kage/Managers/NotificationManager.swift (in target 'Kage' from project 'Kage')
    cd /Users/yalun/Documents/projects/xcode/CleanSwipe
    

SwiftCompile normal arm64 Compiling\ MenuRow.swift,\ PaywallView.swift,\ SocialProofView.swift /Users/yalun/Documents/projects/xcode/CleanSwipe/Kage/Components/MenuRow.swift /Users/yalun/Documents/projects/xcode/CleanSwipe/Kage/Components/PaywallView.swift /Users/yalun/Documents/projects/xcode/CleanSwipe/Kage/Components/SocialProofView.swift (in target 'Kage' from project 'Kage')

SwiftCompile normal arm64 /Users/yalun/Documents/projects/xcode/CleanSwipe/Kage/Components/MenuRow.swift (in target 'Kage' from project 'Kage')
    cd /Users/yalun/Documents/projects/xcode/CleanSwipe
    

SwiftCompile normal arm64 /Users/yalun/Documents/projects/xcode/CleanSwipe/Kage/Components/PaywallView.swift (in target 'Kage' from project 'Kage')
    cd /Users/yalun/Documents/projects/xcode/CleanSwipe
    

SwiftCompile normal arm64 /Users/yalun/Documents/projects/xcode/CleanSwipe/Kage/Components/SocialProofView.swift (in target 'Kage' from project 'Kage')
    cd /Users/yalun/Documents/projects/xcode/CleanSwipe
    

SwiftCompile normal arm64 Compiling\ ContentType.swift,\ DuplicateModels.swift /Users/yalun/Documents/projects/xcode/CleanSwipe/Kage/Models/ContentType.swift /Users/yalun/Documents/projects/xcode/CleanSwipe/Kage/Models/DuplicateModels.swift (in target 'Kage' from project 'Kage')

SwiftCompile normal arm64 /Users/yalun/Documents/projects/xcode/CleanSwipe/Kage/Models/ContentType.swift (in target 'Kage' from project 'Kage')
    cd /Users/yalun/Documents/projects/xcode/CleanSwipe
    

SwiftCompile normal arm64 /Users/yalun/Documents/projects/xcode/CleanSwipe/Kage/Models/DuplicateModels.swift (in target 'Kage' from project 'Kage')
    cd /Users/yalun/Documents/projects/xcode/CleanSwipe
    

SwiftCompile normal arm64 Compiling\ DuplicateReviewView.swift,\ HomeView.swift /Users/yalun/Documents/projects/xcode/CleanSwipe/Kage/DuplicateReviewView.swift /Users/yalun/Documents/projects/xcode/CleanSwipe/Kage/HomeView.swift (in target 'Kage' from project 'Kage')
SwiftCompile normal arm64 /Users/yalun/Documents/projects/xcode/CleanSwipe/Kage/DuplicateReviewView.swift (in target 'Kage' from project 'Kage')
    cd /Users/yalun/Documents/projects/xcode/CleanSwipe
    

SwiftCompile normal arm64 /Users/yalun/Documents/projects/xcode/CleanSwipe/Kage/HomeView.swift (in target 'Kage' from project 'Kage')
    cd /Users/yalun/Documents/projects/xcode/CleanSwipe
    

SwiftEmitModule normal arm64 Emitting\ module\ for\ Kage (in target 'Kage' from project 'Kage')

EmitSwiftModule normal arm64 (in target 'Kage' from project 'Kage')
    cd /Users/yalun/Documents/projects/xcode/CleanSwipe
    
/Users/yalun/Documents/projects/xcode/CleanSwipe/Kage/SmartAICleanupView.swift:609:1: warning: extension declares a conformance of imported type 'PHAsset' to imported protocol 'Identifiable'; this will not behave correctly if the owners of 'Photos' introduce this conformance in the future
extension PHAsset: Identifiable {
^
/Users/yalun/Documents/projects/xcode/CleanSwipe/Kage/SmartAICleanupView.swift:609:1: note: add '@retroactive' to silence this warning
extension PHAsset: Identifiable {
^                  ~~~~~~~~~~~~
                   @retroactive Identifiable

SwiftCompile normal arm64 Compiling\ AppDelegate.swift,\ ContentView.swift /Users/yalun/Documents/projects/xcode/CleanSwipe/Kage/AppDelegate.swift /Users/yalun/Documents/projects/xcode/CleanSwipe/Kage/ContentView.swift (in target 'Kage' from project 'Kage')
SwiftCompile normal arm64 /Users/yalun/Documents/projects/xcode/CleanSwipe/Kage/AppDelegate.swift (in target 'Kage' from project 'Kage')
    cd /Users/yalun/Documents/projects/xcode/CleanSwipe
    

SwiftCompile normal arm64 /Users/yalun/Documents/projects/xcode/CleanSwipe/Kage/ContentView.swift (in target 'Kage' from project 'Kage')
    cd /Users/yalun/Documents/projects/xcode/CleanSwipe
    

SwiftCompile normal arm64 Compiling\ SmartCleanupHubView.swift,\ GeneratedAssetSymbols.swift /Users/yalun/Documents/projects/xcode/CleanSwipe/Kage/SmartCleanupHubView.swift /Users/yalun/Library/Developer/Xcode/DerivedData/Kage-cotcvhpcgffouaadkgczhxwmxdtk/Build/Intermediates.noindex/Kage.build/Debug-iphonesimulator/Kage.build/DerivedSources/GeneratedAssetSymbols.swift (in target 'Kage' from project 'Kage')

SwiftCompile normal arm64 /Users/yalun/Documents/projects/xcode/CleanSwipe/Kage/SmartCleanupHubView.swift (in target 'Kage' from project 'Kage')
    cd /Users/yalun/Documents/projects/xcode/CleanSwipe
    

SwiftCompile normal arm64 /Users/yalun/Library/Developer/Xcode/DerivedData/Kage-cotcvhpcgffouaadkgczhxwmxdtk/Build/Intermediates.noindex/Kage.build/Debug-iphonesimulator/Kage.build/DerivedSources/GeneratedAssetSymbols.swift (in target 'Kage' from project 'Kage')
    cd /Users/yalun/Documents/projects/xcode/CleanSwipe
    

SwiftCompile normal arm64 Compiling\ SubscriptionModels.swift,\ DuplicateDetectionService.swift /Users/yalun/Documents/projects/xcode/CleanSwipe/Kage/Models/SubscriptionModels.swift /Users/yalun/Documents/projects/xcode/CleanSwipe/Kage/Services/DuplicateDetectionService.swift (in target 'Kage' from project 'Kage')

SwiftCompile normal arm64 /Users/yalun/Documents/projects/xcode/CleanSwipe/Kage/Models/SubscriptionModels.swift (in target 'Kage' from project 'Kage')
    cd /Users/yalun/Documents/projects/xcode/CleanSwipe
    

SwiftCompile normal arm64 /Users/yalun/Documents/projects/xcode/CleanSwipe/Kage/Services/DuplicateDetectionService.swift (in target 'Kage' from project 'Kage')
    cd /Users/yalun/Documents/projects/xcode/CleanSwipe
    

SwiftCompile normal arm64 Compiling\ OnboardingView.swift,\ SettingsView.swift /Users/yalun/Documents/projects/xcode/CleanSwipe/Kage/OnboardingView.swift /Users/yalun/Documents/projects/xcode/CleanSwipe/Kage/SettingsView.swift (in target 'Kage' from project 'Kage')
Failed frontend command:
/Applications/Xcode.app/Contents/Developer/Toolchains/XcodeDefault.xctoolchain/usr/bin/swift-frontend -frontend -c /Users/yalun/Documents/projects/xcode/CleanSwipe/Kage/Components/BetaBadgeViews.swift /Users/yalun/Documents/projects/xcode/CleanSwipe/Kage/Components/EnhancedStreakView.swift /Users/yalun/Documents/projects/xcode/CleanSwipe/Kage/Components/InteractiveSwipeDemoView.swift /Users/yalun/Documents/projects/xcode/CleanSwipe/Kage/Components/MailComposerView.swift /Users/yalun/Documents/projects/xcode/CleanSwipe/Kage/Components/MenuRow.swift /Users/yalun/Documents/projects/xcode/CleanSwipe/Kage/Components/PaywallView.swift /Users/yalun/Documents/projects/xcode/CleanSwipe/Kage/Components/PhotoThumbnailView.swift /Users/yalun/Documents/projects/xcode/CleanSwipe/Kage/Components/ReviewRequestView.swift /Users/yalun/Documents/projects/xcode/CleanSwipe/Kage/Components/SocialProofView.swift /Users/yalun/Documents/projects/xcode/CleanSwipe/Kage/Components/StreakAnalyticsView.swift /Users/yalun/Documents/projects/xcode/CleanSwipe/Kage/Components/TutorialOverlay.swift /Users/yalun/Documents/projects/xcode/CleanSwipe/Kage/Extensions/Date+Extensions.swift /Users/yalun/Documents/projects/xcode/CleanSwipe/Kage/Extensions/View+NavigationBarStyle.swift /Users/yalun/Documents/projects/xcode/CleanSwipe/Kage/Managers/AnalyticsManager.swift /Users/yalun/Documents/projects/xcode/CleanSwipe/Kage/Managers/ConsentManager.swift /Users/yalun/Documents/projects/xcode/CleanSwipe/Kage/Managers/HappinessEngine.swift /Users/yalun/Documents/projects/xcode/CleanSwipe/Kage/Managers/NetworkMonitor.swift /Users/yalun/Documents/projects/xcode/CleanSwipe/Kage/Managers/NotificationManager.swift /Users/yalun/Documents/projects/xcode/CleanSwipe/Kage/Managers/PurchaseManager.swift /Users/yalun/Documents/projects/xcode/CleanSwipe/Kage/Managers/StreakManager.swift /Users/yalun/Documents/projects/xcode/CleanSwipe/Kage/Models/AppConfig.swift /Users/yalun/Documents/projects/xcode/CleanSwipe/Kage/Models/ContentType.swift /Users/yalun/Documents/projects/xcode/CleanSwipe/Kage/Models/DuplicateModels.swift /Users/yalun/Documents/projects/xcode/CleanSwipe/Kage/Models/PhotoModels.swift /Users/yalun/Documents/projects/xcode/CleanSwipe/Kage/Models/SmartCleaningMode.swift /Users/yalun/Documents/projects/xcode/CleanSwipe/Kage/Models/SubscriptionModels.swift /Users/yalun/Documents/projects/xcode/CleanSwipe/Kage/Services/DuplicateDetectionService.swift /Users/yalun/Documents/projects/xcode/CleanSwipe/Kage/Services/PhotoLibraryCache.swift /Users/yalun/Documents/projects/xcode/CleanSwipe/Kage/Services/SmartAICleanupService.swift /Users/yalun/Documents/projects/xcode/CleanSwipe/Kage/Services/SmartCleaningService.swift /Users/yalun/Documents/projects/xcode/CleanSwipe/Kage/Utilities/ScrollViewConfigurator.swift /Users/yalun/Documents/projects/xcode/CleanSwipe/Kage/ViewModels/DuplicateReviewViewModel.swift /Users/yalun/Documents/projects/xcode/CleanSwipe/Kage/AppDelegate.swift /Users/yalun/Documents/projects/xcode/CleanSwipe/Kage/ContentView.swift /Users/yalun/Documents/projects/xcode/CleanSwipe/Kage/DuplicateReviewView.swift /Users/yalun/Documents/projects/xcode/CleanSwipe/Kage/HomeView.swift /Users/yalun/Documents/projects/xcode/CleanSwipe/Kage/KageApp.swift -primary-file /Users/yalun/Documents/projects/xcode/CleanSwipe/Kage/OnboardingView.swift /Users/yalun/Documents/projects/xcode/CleanSwipe/Kage/QuickActionCoordinator.swift /Users/yalun/Documents/projects/xcode/CleanSwipe/Kage/SceneDelegate.swift -primary-file /Users/yalun/Documents/projects/xcode/CleanSwipe/Kage/SettingsView.swift /Users/yalun/Documents/projects/xcode/CleanSwipe/Kage/SmartAICleanupView.swift /Users/yalun/Documents/projects/xcode/CleanSwipe/Kage/SmartCleaningDetailView.swift /Users/yalun/Documents/projects/xcode/CleanSwipe/Kage/SmartCleanupHubView.swift /Users/yalun/Documents/projects/xcode/CleanSwipe/Kage/WelcomeFlowView.swift /Users/yalun/Library/Developer/Xcode/DerivedData/Kage-cotcvhpcgffouaadkgczhxwmxdtk/Build/Intermediates.noindex/Kage.build/Debug-iphonesimulator/Kage.build/DerivedSources/GeneratedAssetSymbols.swift /Users/yalun/Library/Developer/Xcode/DerivedData/Kage-cotcvhpcgffouaadkgczhxwmxdtk/Build/Intermediates.noindex/Kage.build/Debug-iphonesimulator/Kage.build/DerivedSources/GeneratedStringSymbols_Localizable.swift -emit-dependencies-path /Users/yalun/Library/Developer/Xcode/DerivedData/Kage-cotcvhpcgffouaadkgczhxwmxdtk/Build/Intermediates.noindex/Kage.build/Debug-iphonesimulator/Kage.build/Objects-normal/arm64/OnboardingView.d -emit-const-values-path /Users/yalun/Library/Developer/Xcode/DerivedData/Kage-cotcvhpcgffouaadkgczhxwmxdtk/Build/Intermediates.noindex/Kage.build/Debug-iphonesimulator/Kage.build/Objects-normal/arm64/OnboardingView.swiftconstvalues -emit-reference-dependencies-path /Users/yalun/Library/Developer/Xcode/DerivedData/Kage-cotcvhpcgffouaadkgczhxwmxdtk/Build/Intermediates.noindex/Kage.build/Debug-iphonesimulator/Kage.build/Objects-normal/arm64/OnboardingView.swiftdeps -serialize-diagnostics-path /Users/yalun/Library/Developer/Xcode/DerivedData/Kage-cotcvhpcgffouaadkgczhxwmxdtk/Build/Intermediates.noindex/Kage.build/Debug-iphonesimulator/Kage.build/Objects-normal/arm64/OnboardingView.dia -emit-dependencies-path /Users/yalun/Library/Developer/Xcode/DerivedData/Kage-cotcvhpcgffouaadkgczhxwmxdtk/Build/Intermediates.noindex/Kage.build/Debug-iphonesimulator/Kage.build/Objects-normal/arm64/SettingsView.d -emit-const-values-path /Users/yalun/Library/Developer/Xcode/DerivedData/Kage-cotcvhpcgffouaadkgczhxwmxdtk/Build/Intermediates.noindex/Kage.build/Debug-iphonesimulator/Kage.build/Objects-normal/arm64/SettingsView.swiftconstvalues -emit-reference-dependencies-path /Users/yalun/Library/Developer/Xcode/DerivedData/Kage-cotcvhpcgffouaadkgczhxwmxdtk/Build/Intermediates.noindex/Kage.build/Debug-iphonesimulator/Kage.build/Objects-normal/arm64/SettingsView.swiftdeps -serialize-diagnostics-path /Users/yalun/Library/Developer/Xcode/DerivedData/Kage-cotcvhpcgffouaadkgczhxwmxdtk/Build/Intermediates.noindex/Kage.build/Debug-iphonesimulator/Kage.build/Objects-normal/arm64/SettingsView.dia -emit-localized-strings -emit-localized-strings-path /Users/yalun/Library/Developer/Xcode/DerivedData/Kage-cotcvhpcgffouaadkgczhxwmxdtk/Build/Intermediates.noindex/Kage.build/Debug-iphonesimulator/Kage.build/Objects-normal/arm64 -target arm64-apple-ios15.0-simulator -module-can-import-version DeveloperToolsSupport 23.0.4 23.0.4 -module-can-import FirebaseAnalytics -module-can-import FirebaseCore -module-can-import-version SwiftUI 7.1.13.1 7.1.13 -module-can-import-version UIKit 9126.1.12.1 9126.1.12 -disable-cross-import-overlay-search -swift-module-cross-import AVKit /Applications/Xcode.app/Contents/Developer/Platforms/iPhoneSimulator.platform/Developer/SDKs/iPhoneSimulator.sdk/System/Library/Frameworks/AVKit.framework/Modules/AVKit.swiftcrossimport/SwiftUI.swiftoverlay -swift-module-cross-import AVKit /Applications/Xcode.app/Contents/Developer/Platforms/iPhoneSimulator.platform/Developer/SDKs/iPhoneSimulator26.1.sdk/System/Library/Frameworks/AVKit.framework/Modules/AVKit.swiftcrossimport/SwiftUI.swiftoverlay -swift-module-cross-import StoreKit /Applications/Xcode.app/Contents/Developer/Platforms/iPhoneSimulator.platform/Developer/SDKs/iPhoneSimulator.sdk/System/Library/Frameworks/StoreKit.framework/Modules/StoreKit.swiftcrossimport/SwiftUI.swiftoverlay -swift-module-cross-import StoreKit /Applications/Xcode.app/Contents/Developer/Platforms/iPhoneSimulator.platform/Developer/SDKs/iPhoneSimulator26.1.sdk/System/Library/Frameworks/StoreKit.framework/Modules/StoreKit.swiftcrossimport/SwiftUI.swiftoverlay -load-resolved-plugin /Applications/Xcode.app/Contents/Developer/Platforms/iPhoneOS.platform/Developer/usr/lib/swift/host/plugins/libFoundationMacros.dylib\#/Applications/Xcode.app/Contents/Developer/Platforms/iPhoneOS.platform/Developer/usr/bin/swift-plugin-server\#FoundationMacros -load-resolved-plugin /Applications/Xcode.app/Contents/Developer/Platforms/iPhoneOS.platform/Developer/usr/lib/swift/host/plugins/libObservationMacros.dylib\#/Applications/Xcode.app/Contents/Developer/Platforms/iPhoneOS.platform/Developer/usr/bin/swift-plugin-server\#ObservationMacros -load-resolved-plugin /Applications/Xcode.app/Contents/Developer/Platforms/iPhoneOS.platform/Developer/usr/lib/swift/host/plugins/libPreviewsMacros.dylib\#/Applications/Xcode.app/Contents/Developer/Platforms/iPhoneOS.platform/Developer/usr/bin/swift-plugin-server\#PreviewsMacros -load-resolved-plugin /Applications/Xcode.app/Contents/Developer/Platforms/iPhoneOS.platform/Developer/usr/lib/swift/host/plugins/libSwiftMacros.dylib\#/Applications/Xcode.app/Contents/Developer/Platforms/iPhoneOS.platform/Developer/usr/bin/swift-plugin-server\#SwiftMacros -load-resolved-plugin /Applications/Xcode.app/Contents/Developer/Platforms/iPhoneOS.platform/Developer/usr/lib/swift/host/plugins/libSwiftUIMacros.dylib\#/Applications/Xcode.app/Contents/Developer/Platforms/iPhoneOS.platform/Developer/usr/bin/swift-plugin-server\#SwiftUIMacros -load-resolved-plugin /Applications/Xcode.app/Contents/Developer/Platforms/iPhoneOS.platform/Developer/usr/lib/swift/host/plugins/libTipKitMacros.dylib\#/Applications/Xcode.app/Contents/Developer/Platforms/iPhoneOS.platform/Developer/usr/bin/swift-plugin-server\#TipKitMacros -disable-implicit-swift-modules -Xcc -fno-implicit-modules -Xcc -fno-implicit-module-maps -explicit-swift-module-map-file /Users/yalun/Library/Developer/Xcode/DerivedData/Kage-cotcvhpcgffouaadkgczhxwmxdtk/Build/Intermediates.noindex/Kage.build/Debug-iphonesimulator/Kage.build/Objects-normal/arm64/Kage-dependencies-1.json -Xllvm -aarch64-use-tbi -enable-objc-interop -sdk /Applications/Xcode.app/Contents/Developer/Platforms/iPhoneSimulator.platform/Developer/SDKs/iPhoneSimulator26.1.sdk -I /Users/yalun/Library/Developer/Xcode/DerivedData/Kage-cotcvhpcgffouaadkgczhxwmxdtk/Build/Products/Debug-iphonesimulator -F /Users/yalun/Library/Developer/Xcode/DerivedData/Kage-cotcvhpcgffouaadkgczhxwmxdtk/Build/Products/Debug-iphonesimulator/PackageFrameworks -F /Users/yalun/Library/Developer/Xcode/DerivedData/Kage-cotcvhpcgffouaadkgczhxwmxdtk/Build/Products/Debug-iphonesimulator/PackageFrameworks -F /Users/yalun/Library/Developer/Xcode/DerivedData/Kage-cotcvhpcgffouaadkgczhxwmxdtk/Build/Products/Debug-iphonesimulator/PackageFrameworks -F /Users/yalun/Library/Developer/Xcode/DerivedData/Kage-cotcvhpcgffouaadkgczhxwmxdtk/Build/Products/Debug-iphonesimulator/PackageFrameworks -F /Users/yalun/Library/Developer/Xcode/DerivedData/Kage-cotcvhpcgffouaadkgczhxwmxdtk/Build/Products/Debug-iphonesimulator/PackageFrameworks -F /Users/yalun/Library/Developer/Xcode/DerivedData/Kage-cotcvhpcgffouaadkgczhxwmxdtk/Build/Products/Debug-iphonesimulator/PackageFrameworks -F /Users/yalun/Library/Developer/Xcode/DerivedData/Kage-cotcvhpcgffouaadkgczhxwmxdtk/Build/Products/Debug-iphonesimulator/PackageFrameworks -F /Users/yalun/Library/Developer/Xcode/DerivedData/Kage-cotcvhpcgffouaadkgczhxwmxdtk/Build/Products/Debug-iphonesimulator/PackageFrameworks -F /Users/yalun/Library/Developer/Xcode/DerivedData/Kage-cotcvhpcgffouaadkgczhxwmxdtk/Build/Products/Debug-iphonesimulator/PackageFrameworks -F /Users/yalun/Library/Developer/Xcode/DerivedData/Kage-cotcvhpcgffouaadkgczhxwmxdtk/Build/Products/Debug-iphonesimulator/PackageFrameworks -F /Users/yalun/Library/Developer/Xcode/DerivedData/Kage-cotcvhpcgffouaadkgczhxwmxdtk/Build/Products/Debug-iphonesimulator/PackageFrameworks -F /Users/yalun/Library/Developer/Xcode/DerivedData/Kage-cotcvhpcgffouaadkgczhxwmxdtk/Build/Products/Debug-iphonesimulator/PackageFrameworks -F /Users/yalun/Library/Developer/Xcode/DerivedData/Kage-cotcvhpcgffouaadkgczhxwmxdtk/Build/Products/Debug-iphonesimulator/PackageFrameworks -F /Users/yalun/Library/Developer/Xcode/DerivedData/Kage-cotcvhpcgffouaadkgczhxwmxdtk/Build/Products/Debug-iphonesimulator/PackageFrameworks -F /Users/yalun/Library/Developer/Xcode/DerivedData/Kage-cotcvhpcgffouaadkgczhxwmxdtk/Build/Products/Debug-iphonesimulator/PackageFrameworks -F /Users/yalun/Library/Developer/Xcode/DerivedData/Kage-cotcvhpcgffouaadkgczhxwmxdtk/Build/Products/Debug-iphonesimulator/PackageFrameworks -F /Users/yalun/Library/Developer/Xcode/DerivedData/Kage-cotcvhpcgffouaadkgczhxwmxdtk/Build/Products/Debug-iphonesimulator/PackageFrameworks -F /Users/yalun/Library/Developer/Xcode/DerivedData/Kage-cotcvhpcgffouaadkgczhxwmxdtk/Build/Products/Debug-iphonesimulator/PackageFrameworks -F /Users/yalun/Library/Developer/Xcode/DerivedData/Kage-cotcvhpcgffouaadkgczhxwmxdtk/Build/Products/Debug-iphonesimulator/PackageFrameworks -F /Users/yalun/Library/Developer/Xcode/DerivedData/Kage-cotcvhpcgffouaadkgczhxwmxdtk/Build/Products/Debug-iphonesimulator/PackageFrameworks -F /Users/yalun/Library/Developer/Xcode/DerivedData/Kage-cotcvhpcgffouaadkgczhxwmxdtk/Build/Products/Debug-iphonesimulator/PackageFrameworks -F /Users/yalun/Library/Developer/Xcode/DerivedData/Kage-cotcvhpcgffouaadkgczhxwmxdtk/Build/Products/Debug-iphonesimulator/PackageFrameworks -F /Users/yalun/Library/Developer/Xcode/DerivedData/Kage-cotcvhpcgffouaadkgczhxwmxdtk/Build/Products/Debug-iphonesimulator/PackageFrameworks -F /Users/yalun/Library/Developer/Xcode/DerivedData/Kage-cotcvhpcgffouaadkgczhxwmxdtk/Build/Products/Debug-iphonesimulator/PackageFrameworks -F /Users/yalun/Library/Developer/Xcode/DerivedData/Kage-cotcvhpcgffouaadkgczhxwmxdtk/Build/Products/Debug-iphonesimulator -no-color-diagnostics -Xcc -fno-color-diagnostics -enable-testing -g -debug-info-format\=dwarf -dwarf-version\=4 -module-cache-path /Users/yalun/Library/Developer/Xcode/DerivedData/Kage-cotcvhpcgffouaadkgczhxwmxdtk/Build/Intermediates.noindex/SwiftExplicitPrecompiledModules -profile-generate -profile-coverage-mapping -swift-version 5 -enforce-exclusivity\=checked -Onone -D DEBUG -serialize-debugging-options -const-gather-protocols-file /Users/yalun/Library/Developer/Xcode/DerivedData/Kage-cotcvhpcgffouaadkgczhxwmxdtk/Build/Intermediates.noindex/Kage.build/Debug-iphonesimulator/Kage.build/Objects-normal/arm64/Kage_const_extract_protocols.json -enable-experimental-feature DebugDescriptionMacro -enable-bare-slash-regex -empty-abi-descriptor -validate-clang-modules-once -clang-build-session-file /Users/yalun/Library/Developer/Xcode/DerivedData/ModuleCache.noindex/Session.modulevalidation -Xcc -working-directory -Xcc /Users/yalun/Documents/projects/xcode/CleanSwipe -enable-anonymous-context-mangled-names -file-compilation-dir /Users/yalun/Documents/projects/xcode/CleanSwipe -Xcc -fmodule-map-file\=/Users/yalun/Library/Developer/Xcode/DerivedData/Kage-cotcvhpcgffouaadkgczhxwmxdtk/Build/Intermediates.noindex/GeneratedModuleMaps-iphonesimulator/UserMessagingPlatformTarget.modulemap -Xcc -fmodule-map-file\=/Users/yalun/Library/Developer/Xcode/DerivedData/Kage-cotcvhpcgffouaadkgczhxwmxdtk/Build/Intermediates.noindex/GeneratedModuleMaps-iphonesimulator/GoogleUtilities-UserDefaults.modulemap -Xcc -fmodule-map-file\=/Users/yalun/Library/Developer/Xcode/DerivedData/Kage-cotcvhpcgffouaadkgczhxwmxdtk/Build/Intermediates.noindex/GeneratedModuleMaps-iphonesimulator/GoogleAdsOnDeviceConversionTarget.modulemap -Xcc -fmodule-map-file\=/Users/yalun/Library/Developer/Xcode/DerivedData/Kage-cotcvhpcgffouaadkgczhxwmxdtk/Build/Intermediates.noindex/GeneratedModuleMaps-iphonesimulator/GoogleAppMeasurementTarget.modulemap -Xcc -fmodule-map-file\=/Users/yalun/Library/Developer/Xcode/DerivedData/Kage-cotcvhpcgffouaadkgczhxwmxdtk/Build/Intermediates.noindex/GeneratedModuleMaps-iphonesimulator/GoogleUtilities-AppDelegateSwizzler.modulemap -Xcc -fmodule-map-file\=/Users/yalun/Library/Developer/Xcode/DerivedData/Kage-cotcvhpcgffouaadkgczhxwmxdtk/Build/Intermediates.noindex/GeneratedModuleMaps-iphonesimulator/GoogleUtilities-MethodSwizzler.modulemap -Xcc -fmodule-map-file\=/Users/yalun/Library/Developer/Xcode/DerivedData/Kage-cotcvhpcgffouaadkgczhxwmxdtk/Build/Intermediates.noindex/GeneratedModuleMaps-iphonesimulator/GoogleUtilities-Reachability.modulemap -Xcc -fmodule-map-file\=/Users/yalun/Library/Developer/Xcode/DerivedData/Kage-cotcvhpcgffouaadkgczhxwmxdtk/Build/Intermediates.noindex/GeneratedModuleMaps-iphonesimulator/GoogleUtilities-Network.modulemap -Xcc -fmodule-map-file\=/Users/yalun/Library/Developer/Xcode/DerivedData/Kage-cotcvhpcgffouaadkgczhxwmxdtk/Build/Intermediates.noindex/GeneratedModuleMaps-iphonesimulator/nanopb.modulemap -Xcc -fmodule-map-file\=/Users/yalun/Library/Developer/Xcode/DerivedData/Kage-cotcvhpcgffouaadkgczhxwmxdtk/Build/Intermediates.noindex/GeneratedModuleMaps-iphonesimulator/FirebaseAnalyticsWrapper.modulemap -Xcc -fmodule-map-file\=/Users/yalun/Library/Developer/Xcode/DerivedData/Kage-cotcvhpcgffouaadkgczhxwmxdtk/Build/Intermediates.noindex/GeneratedModuleMaps-iphonesimulator/FirebaseInstallations.modulemap -Xcc -fmodule-map-file\=/Users/yalun/Library/Developer/Xcode/DerivedData/Kage-cotcvhpcgffouaadkgczhxwmxdtk/Build/Intermediates.noindex/GeneratedModuleMaps-iphonesimulator/FirebaseAnalyticsTarget.modulemap -Xcc -fmodule-map-file\=/Users/yalun/Library/Developer/Xcode/DerivedData/Kage-cotcvhpcgffouaadkgczhxwmxdtk/Build/Intermediates.noindex/GeneratedModuleMaps-iphonesimulator/GoogleUtilities-NSData.modulemap -Xcc -fmodule-map-file\=/Users/yalun/Library/Developer/Xcode/DerivedData/Kage-cotcvhpcgffouaadkgczhxwmxdtk/Build/Intermediates.noindex/GeneratedModuleMaps-iphonesimulator/GoogleUtilities-Environment.modulemap -Xcc -fmodule-map-file\=/Users/yalun/Library/Developer/Xcode/DerivedData/Kage-cotcvhpcgffouaadkgczhxwmxdtk/Build/Intermediates.noindex/GeneratedModuleMaps-iphonesimulator/third-party-IsAppEncrypted.modulemap -Xcc -fmodule-map-file\=/Users/yalun/Library/Developer/Xcode/DerivedData/Kage-cotcvhpcgffouaadkgczhxwmxdtk/Build/Intermediates.noindex/GeneratedModuleMaps-iphonesimulator/GoogleUtilities-Logger.modulemap -Xcc -fmodule-map-file\=/Users/yalun/Library/Developer/Xcode/DerivedData/Kage-cotcvhpcgffouaadkgczhxwmxdtk/Build/Intermediates.noindex/GeneratedModuleMaps-iphonesimulator/FirebaseCore.modulemap -Xcc -D_LIBCPP_HARDENING_MODE\=_LIBCPP_HARDENING_MODE_DEBUG -Xcc -ivfsstatcache -Xcc /Users/yalun/Library/Developer/Xcode/DerivedData/SDKStatCaches.noindex/iphonesimulator26.1-23B77-90cf18a4295e390e64c810bc6bd7acbc.sdkstatcache -Xcc -I/Users/yalun/Library/Developer/Xcode/DerivedData/Kage-cotcvhpcgffouaadkgczhxwmxdtk/Build/Intermediates.noindex/Kage.build/Debug-iphonesimulator/Kage.build/swift-overrides.hmap -Xcc -iquote -Xcc /Users/yalun/Library/Developer/Xcode/DerivedData/Kage-cotcvhpcgffouaadkgczhxwmxdtk/Build/Intermediates.noindex/Kage.build/Debug-iphonesimulator/Kage.build/Kage-generated-files.hmap -Xcc -I/Users/yalun/Library/Developer/Xcode/DerivedData/Kage-cotcvhpcgffouaadkgczhxwmxdtk/Build/Intermediates.noindex/Kage.build/Debug-iphonesimulator/Kage.build/Kage-own-target-headers.hmap -Xcc -I/Users/yalun/Library/Developer/Xcode/DerivedData/Kage-cotcvhpcgffouaadkgczhxwmxdtk/Build/Intermediates.noindex/Kage.build/Debug-iphonesimulator/Kage.build/Kage-all-non-framework-target-headers.hmap -Xcc -ivfsoverlay -Xcc /Users/yalun/Library/Developer/Xcode/DerivedData/Kage-cotcvhpcgffouaadkgczhxwmxdtk/Build/Intermediates.noindex/Kage.build/Debug-iphonesimulator/Kage-0a96bd0ce2151e36f8d477ace65d701f-VFS-iphonesimulator/all-product-headers.yaml -Xcc -iquote -Xcc /Users/yalun/Library/Developer/Xcode/DerivedData/Kage-cotcvhpcgffouaadkgczhxwmxdtk/Build/Intermediates.noindex/Kage.build/Debug-iphonesimulator/Kage.build/Kage-project-headers.hmap -Xcc -I/Users/yalun/Library/Developer/Xcode/DerivedData/Kage-cotcvhpcgffouaadkgczhxwmxdtk/SourcePackages/checkouts/swift-package-manager-google-user-messaging-platform/UserMessagingPlatformTarget/include -Xcc -I/Users/yalun/Library/Developer/Xcode/DerivedData/Kage-cotcvhpcgffouaadkgczhxwmxdtk/SourcePackages/checkouts/promises/Sources/FBLPromises/include -Xcc -I/Users/yalun/Library/Developer/Xcode/DerivedData/Kage-cotcvhpcgffouaadkgczhxwmxdtk/SourcePackages/checkouts/GoogleUtilities/GoogleUtilities/UserDefaults/Public -Xcc -I/Users/yalun/Library/Developer/Xcode/DerivedData/Kage-cotcvhpcgffouaadkgczhxwmxdtk/SourcePackages/checkouts/google-ads-on-device-conversion-ios-sdk/GoogleAdsOnDeviceConversionWrapper/include -Xcc -I/Users/yalun/Library/Developer/Xcode/DerivedData/Kage-cotcvhpcgffouaadkgczhxwmxdtk/SourcePackages/checkouts/GoogleAppMeasurement/GoogleAppMeasurementWrapper/include -Xcc -I/Users/yalun/Library/Developer/Xcode/DerivedData/Kage-cotcvhpcgffouaadkgczhxwmxdtk/SourcePackages/checkouts/GoogleUtilities/GoogleUtilities/AppDelegateSwizzler/Public -Xcc -I/Users/yalun/Library/Developer/Xcode/DerivedData/Kage-cotcvhpcgffouaadkgczhxwmxdtk/SourcePackages/checkouts/GoogleUtilities/GoogleUtilities/MethodSwizzler/Public -Xcc -I/Users/yalun/Library/Developer/Xcode/DerivedData/Kage-cotcvhpcgffouaadkgczhxwmxdtk/SourcePackages/checkouts/GoogleUtilities/GoogleUtilities/Reachability/Public -Xcc -I/Users/yalun/Library/Developer/Xcode/DerivedData/Kage-cotcvhpcgffouaadkgczhxwmxdtk/SourcePackages/checkouts/GoogleUtilities/GoogleUtilities/Network/Public -Xcc -I/Users/yalun/Library/Developer/Xcode/DerivedData/Kage-cotcvhpcgffouaadkgczhxwmxdtk/SourcePackages/checkouts/nanopb/spm_headers -Xcc -I/Users/yalun/Library/Developer/Xcode/DerivedData/Kage-cotcvhpcgffouaadkgczhxwmxdtk/SourcePackages/checkouts/firebase-ios-sdk/FirebaseAnalyticsWrapper/include -Xcc -I/Users/yalun/Library/Developer/Xcode/DerivedData/Kage-cotcvhpcgffouaadkgczhxwmxdtk/SourcePackages/checkouts/firebase-ios-sdk/FirebaseInstallations/Source/Library/Public -Xcc -I/Users/yalun/Library/Developer/Xcode/DerivedData/Kage-cotcvhpcgffouaadkgczhxwmxdtk/SourcePackages/checkouts/firebase-ios-sdk/SwiftPM-PlatformExclude/FirebaseAnalyticsWrap/include -Xcc -I/Users/yalun/Library/Developer/Xcode/DerivedData/Kage-cotcvhpcgffouaadkgczhxwmxdtk/SourcePackages/checkouts/GoogleUtilities/GoogleUtilities/NSData+zlib/Public -Xcc -I/Users/yalun/Library/Developer/Xcode/DerivedData/Kage-cotcvhpcgffouaadkgczhxwmxdtk/SourcePackages/checkouts/GoogleUtilities/GoogleUtilities/Environment/Public -Xcc -I/Users/yalun/Library/Developer/Xcode/DerivedData/Kage-cotcvhpcgffouaadkgczhxwmxdtk/SourcePackages/checkouts/GoogleUtilities/third_party/IsAppEncrypted/Public -Xcc -I/Users/yalun/Library/Developer/Xcode/DerivedData/Kage-cotcvhpcgffouaadkgczhxwmxdtk/SourcePackages/checkouts/GoogleUtilities/GoogleUtilities/Logger/Public -Xcc -I/Users/yalun/Library/Developer/Xcode/DerivedData/Kage-cotcvhpcgffouaadkgczhxwmxdtk/SourcePackages/checkouts/firebase-ios-sdk/CoreOnly/Sources -Xcc -I/Users/yalun/Library/Developer/Xcode/DerivedData/Kage-cotcvhpcgffouaadkgczhxwmxdtk/SourcePackages/checkouts/firebase-ios-sdk/FirebaseCore/Sources/Public -Xcc -I/Users/yalun/Library/Developer/Xcode/DerivedData/Kage-cotcvhpcgffouaadkgczhxwmxdtk/Build/Products/Debug-iphonesimulator/include -Xcc -I/Users/yalun/Library/Developer/Xcode/DerivedData/Kage-cotcvhpcgffouaadkgczhxwmxdtk/Build/Intermediates.noindex/Kage.build/Debug-iphonesimulator/Kage.build/DerivedSources-normal/arm64 -Xcc -I/Users/yalun/Library/Developer/Xcode/DerivedData/Kage-cotcvhpcgffouaadkgczhxwmxdtk/Build/Intermediates.noindex/Kage.build/Debug-iphonesimulator/Kage.build/DerivedSources/arm64 -Xcc -I/Users/yalun/Library/Developer/Xcode/DerivedData/Kage-cotcvhpcgffouaadkgczhxwmxdtk/Build/Intermediates.noindex/Kage.build/Debug-iphonesimulator/Kage.build/DerivedSources -Xcc -DDEBUG\=1 -no-auto-bridging-header-chaining -module-name Kage -frontend-parseable-output -disable-clang-spi -target-sdk-version 26.1 -target-sdk-name iphonesimulator26.1 -clang-target arm64-apple-ios26.1-simulator -in-process-plugin-server-path /Applications/Xcode.app/Contents/Developer/Toolchains/XcodeDefault.xctoolchain/usr/lib/swift/host/libSwiftInProcPluginServer.dylib -o /Users/yalun/Library/Developer/Xcode/DerivedData/Kage-cotcvhpcgffouaadkgczhxwmxdtk/Build/Intermediates.noindex/Kage.build/Debug-iphonesimulator/Kage.build/Objects-normal/arm64/OnboardingView.o -o /Users/yalun/Library/Developer/Xcode/DerivedData/Kage-cotcvhpcgffouaadkgczhxwmxdtk/Build/Intermediates.noindex/Kage.build/Debug-iphonesimulator/Kage.build/Objects-normal/arm64/SettingsView.o -index-unit-output-path /Kage.build/Debug-iphonesimulator/Kage.build/Objects-normal/arm64/OnboardingView.o -index-unit-output-path /Kage.build/Debug-iphonesimulator/Kage.build/Objects-normal/arm64/SettingsView.o -index-store-path /Users/yalun/Library/Developer/Xcode/DerivedData/Kage-cotcvhpcgffouaadkgczhxwmxdtk/Index.noindex/DataStore -index-system-modules

SwiftCompile normal arm64 /Users/yalun/Documents/projects/xcode/CleanSwipe/Kage/OnboardingView.swift (in target 'Kage' from project 'Kage')
    cd /Users/yalun/Documents/projects/xcode/CleanSwipe
    
/Users/yalun/Documents/projects/xcode/CleanSwipe/Kage/OnboardingView.swift:1376:32: error: missing argument for parameter 'windowSize' in call
                PhotoAccessView {
                               ^
                               (windowSize: <#CGSize#>)
/Users/yalun/Documents/projects/xcode/CleanSwipe/Kage/WelcomeFlowView.swift:103:8: note: 'init(windowSize:onContinue:)' declared here
struct PhotoAccessView: View {
       ^

SwiftCompile normal arm64 /Users/yalun/Documents/projects/xcode/CleanSwipe/Kage/SettingsView.swift (in target 'Kage' from project 'Kage')
    cd /Users/yalun/Documents/projects/xcode/CleanSwipe
    

SwiftCompile normal arm64 Compiling\ SmartCleaningService.swift,\ DuplicateReviewViewModel.swift /Users/yalun/Documents/projects/xcode/CleanSwipe/Kage/Services/SmartCleaningService.swift /Users/yalun/Documents/projects/xcode/CleanSwipe/Kage/ViewModels/DuplicateReviewViewModel.swift (in target 'Kage' from project 'Kage')

SwiftCompile normal arm64 /Users/yalun/Documents/projects/xcode/CleanSwipe/Kage/Services/SmartCleaningService.swift (in target 'Kage' from project 'Kage')
    cd /Users/yalun/Documents/projects/xcode/CleanSwipe
    

SwiftCompile normal arm64 /Users/yalun/Documents/projects/xcode/CleanSwipe/Kage/ViewModels/DuplicateReviewViewModel.swift (in target 'Kage' from project 'Kage')
    cd /Users/yalun/Documents/projects/xcode/CleanSwipe
    

SwiftDriverJobDiscovery normal arm64 Compiling ContentType.swift, DuplicateModels.swift (in target 'Kage' from project 'Kage')

SwiftDriverJobDiscovery normal arm64 Compiling NetworkMonitor.swift, NotificationManager.swift (in target 'Kage' from project 'Kage')

SwiftDriverJobDiscovery normal arm64 Compiling SubscriptionModels.swift, DuplicateDetectionService.swift (in target 'Kage' from project 'Kage')

SwiftDriverJobDiscovery normal arm64 Compiling SmartCleanupHubView.swift, GeneratedAssetSymbols.swift (in target 'Kage' from project 'Kage')

** BUILD FAILED **


The following build commands failed:
	SwiftCompile normal arm64 Compiling\ OnboardingView.swift,\ SettingsView.swift /Users/yalun/Documents/projects/xcode/CleanSwipe/Kage/OnboardingView.swift /Users/yalun/Documents/projects/xcode/CleanSwipe/Kage/SettingsView.swift (in target 'Kage' from project 'Kage')
	SwiftCompile normal arm64 /Users/yalun/Documents/projects/xcode/CleanSwipe/Kage/OnboardingView.swift (in target 'Kage' from project 'Kage')
	Building project Kage with scheme Kage
(3 failures)
